Component: ARM Compiler 5.05 update 1 (build 106) Tool: armlink [4d0efa]

==============================================================================

Section Cross References

    startup_stm32h723xx.o(RESET) refers to startup_stm32h723xx.o(STACK) for __initial_sp
    startup_stm32h723xx.o(RESET) refers to startup_stm32h723xx.o(.text) for Reset_Handler
    startup_stm32h723xx.o(RESET) refers to stm32h7xx_it.o(i.NMI_Handler) for NMI_Handler
    startup_stm32h723xx.o(RESET) refers to stm32h7xx_it.o(i.HardFault_Handler) for HardFault_Handler
    startup_stm32h723xx.o(RESET) refers to stm32h7xx_it.o(i.MemManage_Handler) for MemManage_Handler
    startup_stm32h723xx.o(RESET) refers to stm32h7xx_it.o(i.BusFault_Handler) for BusFault_Handler
    startup_stm32h723xx.o(RESET) refers to stm32h7xx_it.o(i.UsageFault_Handler) for UsageFault_Handler
    startup_stm32h723xx.o(RESET) refers to stm32h7xx_it.o(i.SVC_Handler) for SVC_Handler
    startup_stm32h723xx.o(RESET) refers to stm32h7xx_it.o(i.DebugMon_Handler) for DebugMon_Handler
    startup_stm32h723xx.o(RESET) refers to stm32h7xx_it.o(i.PendSV_Handler) for PendSV_Handler
    startup_stm32h723xx.o(RESET) refers to stm32h7xx_it.o(i.SysTick_Handler) for SysTick_Handler
    startup_stm32h723xx.o(RESET) refers to stm32h7xx_it.o(i.DMA1_Stream0_IRQHandler) for DMA1_Stream0_IRQHandler
    startup_stm32h723xx.o(RESET) refers to stm32h7xx_it.o(i.DMA1_Stream1_IRQHandler) for DMA1_Stream1_IRQHandler
    startup_stm32h723xx.o(RESET) refers to stm32h7xx_it.o(i.DMA1_Stream2_IRQHandler) for DMA1_Stream2_IRQHandler
    startup_stm32h723xx.o(RESET) refers to stm32h7xx_it.o(i.DMA1_Stream3_IRQHandler) for DMA1_Stream3_IRQHandler
    startup_stm32h723xx.o(RESET) refers to stm32h7xx_it.o(i.DMA1_Stream4_IRQHandler) for DMA1_Stream4_IRQHandler
    startup_stm32h723xx.o(RESET) refers to stm32h7xx_it.o(i.DMA1_Stream5_IRQHandler) for DMA1_Stream5_IRQHandler
    startup_stm32h723xx.o(RESET) refers to stm32h7xx_it.o(i.DMA1_Stream6_IRQHandler) for DMA1_Stream6_IRQHandler
    startup_stm32h723xx.o(RESET) refers to stm32h7xx_it.o(i.TIM2_IRQHandler) for TIM2_IRQHandler
    startup_stm32h723xx.o(RESET) refers to stm32h7xx_it.o(i.USART1_IRQHandler) for USART1_IRQHandler
    startup_stm32h723xx.o(RESET) refers to stm32h7xx_it.o(i.USART2_IRQHandler) for USART2_IRQHandler
    startup_stm32h723xx.o(RESET) refers to stm32h7xx_it.o(i.USART3_IRQHandler) for USART3_IRQHandler
    startup_stm32h723xx.o(RESET) refers to stm32h7xx_it.o(i.DMA1_Stream7_IRQHandler) for DMA1_Stream7_IRQHandler
    startup_stm32h723xx.o(RESET) refers to stm32h7xx_it.o(i.UART4_IRQHandler) for UART4_IRQHandler
    startup_stm32h723xx.o(.text) refers to system_stm32h7xx.o(i.SystemInit) for SystemInit
    startup_stm32h723xx.o(.text) refers to entry.o(.ARM.Collect$$$$00000000) for __main
    main.o(i.SystemClock_Config) refers to memseta.o(.text) for __aeabi_memclr4
    main.o(i.SystemClock_Config) refers to stm32h7xx_hal_pwr_ex.o(i.HAL_PWREx_ConfigSupply) for HAL_PWREx_ConfigSupply
    main.o(i.SystemClock_Config) refers to stm32h7xx_hal_rcc.o(i.HAL_RCC_OscConfig) for HAL_RCC_OscConfig
    main.o(i.SystemClock_Config) refers to stm32h7xx_hal_rcc.o(i.HAL_RCC_ClockConfig) for HAL_RCC_ClockConfig
    main.o(i.main) refers to stm32h7xx_hal_cortex.o(i.HAL_MPU_Disable) for HAL_MPU_Disable
    main.o(i.main) refers to stm32h7xx_hal_cortex.o(i.HAL_MPU_ConfigRegion) for HAL_MPU_ConfigRegion
    main.o(i.main) refers to stm32h7xx_hal_cortex.o(i.HAL_MPU_Enable) for HAL_MPU_Enable
    main.o(i.main) refers to stm32h7xx_hal.o(i.HAL_Init) for HAL_Init
    main.o(i.main) refers to main.o(i.SystemClock_Config) for SystemClock_Config
    main.o(i.main) refers to gpio.o(i.MX_GPIO_Init) for MX_GPIO_Init
    main.o(i.main) refers to dma.o(i.MX_DMA_Init) for MX_DMA_Init
    main.o(i.main) refers to i2c.o(i.MX_I2C1_Init) for MX_I2C1_Init
    main.o(i.main) refers to spi.o(i.MX_SPI6_Init) for MX_SPI6_Init
    main.o(i.main) refers to tim.o(i.MX_TIM1_Init) for MX_TIM1_Init
    main.o(i.main) refers to tim.o(i.MX_TIM2_Init) for MX_TIM2_Init
    main.o(i.main) refers to tim.o(i.MX_TIM3_Init) for MX_TIM3_Init
    main.o(i.main) refers to tim.o(i.MX_TIM4_Init) for MX_TIM4_Init
    main.o(i.main) refers to tim.o(i.MX_TIM5_Init) for MX_TIM5_Init
    main.o(i.main) refers to tim.o(i.MX_TIM8_Init) for MX_TIM8_Init
    main.o(i.main) refers to tim.o(i.MX_TIM23_Init) for MX_TIM23_Init
    main.o(i.main) refers to usart.o(i.MX_UART4_Init) for MX_UART4_Init
    main.o(i.main) refers to usart.o(i.MX_USART1_UART_Init) for MX_USART1_UART_Init
    main.o(i.main) refers to usart.o(i.MX_USART2_UART_Init) for MX_USART2_UART_Init
    main.o(i.main) refers to usart.o(i.MX_USART3_UART_Init) for MX_USART3_UART_Init
    main.o(i.main) refers to spi.o(i.SPI_LCD_Init) for SPI_LCD_Init
    main.o(i.main) refers to control.o(i.TIM_Init) for TIM_Init
    main.o(i.main) refers to usart_1.o(i.USART_Init) for USART_Init
[...]
    i.HAL_RCC_GetSysClockFreq                0x08003584   Section        0  stm32h7xx_hal_rcc.o(i.HAL_RCC_GetSysClockFreq)
    i.HAL_RCC_OscConfig                      0x080036bc   Section        0  stm32h7xx_hal_rcc.o(i.HAL_RCC_OscConfig)
    i.HAL_SPI_Init                           0x08003be4   Section        0  stm32h7xx_hal_spi.o(i.HAL_SPI_Init)
    i.HAL_SPI_MspInit                        0x08003d60   Section        0  spi.o(i.HAL_SPI_MspInit)
    i.HAL_SPI_Transmit                       0x08003e34   Section        0  stm32h7xx_hal_spi.o(i.HAL_SPI_Transmit)
    i.HAL_SYSTICK_Config                     0x0800406c   Section        0  stm32h7xx_hal_cortex.o(i.HAL_SYSTICK_Config)
    i.HAL_TIMEx_Break2Callback               0x08004092   Section        0  stm32h7xx_hal_tim_ex.o(i.HAL_TIMEx_Break2Callback)
    i.HAL_TIMEx_BreakCallback                0x08004094   Section        0  stm32h7xx_hal_tim_ex.o(i.HAL_TIMEx_BreakCallback)
    i.HAL_TIMEx_CommutCallback               0x08004096   Section        0  stm32h7xx_hal_tim_ex.o(i.HAL_TIMEx_CommutCallback)
    i.HAL_TIMEx_ConfigBreakDeadTime          0x08004098   Section        0  stm32h7xx_hal_tim_ex.o(i.HAL_TIMEx_ConfigBreakDeadTime)
    i.HAL_TIMEx_MasterConfigSynchronization  0x08004138   Section        0  stm32h7xx_hal_tim_ex.o(i.HAL_TIMEx_MasterConfigSynchronization)
    i.HAL_TIM_Base_Init                      0x080041f0   Section        0  stm32h7xx_hal_tim.o(i.HAL_TIM_Base_Init)
    i.HAL_TIM_Base_MspInit                   0x08004254   Section        0  tim.o(i.HAL_TIM_Base_MspInit)
    i.HAL_TIM_Base_Start_IT                  0x080042c4   Section        0  stm32h7xx_hal_tim.o(i.HAL_TIM_Base_Start_IT)
    i.HAL_TIM_ConfigClockSource              0x08004364   Section        0  stm32h7xx_hal_tim.o(i.HAL_TIM_ConfigClockSource)
    i.HAL_TIM_Encoder_Init                   0x08004460   Section        0  stm32h7xx_hal_tim.o(i.HAL_TIM_Encoder_Init)
    i.HAL_TIM_Encoder_MspInit                0x0800451c   Section        0  tim.o(i.HAL_TIM_Encoder_MspInit)
    i.HAL_TIM_Encoder_Start                  0x0800467c   Section        0  stm32h7xx_hal_tim.o(i.HAL_TIM_Encoder_Start)
    i.HAL_TIM_IC_CaptureCallback             0x0800470a   Section        0  stm32h7xx_hal_tim.o(i.HAL_TIM_IC_CaptureCallback)
    i.HAL_TIM_IRQHandler                     0x0800470c   Section        0  stm32h7xx_hal_tim.o(i.HAL_TIM_IRQHandler)
    i.HAL_TIM_MspPostInit                    0x08004854   Section        0  tim.o(i.HAL_TIM_MspPostInit)
    i.HAL_TIM_OC_DelayElapsedCallback        0x08004904   Section        0  stm32h7xx_hal_tim.o(i.HAL_TIM_OC_DelayElapsedCallback)
    i.HAL_TIM_PWM_ConfigChannel              0x08004906   Section        0  stm32h7xx_hal_tim.o(i.HAL_TIM_PWM_ConfigChannel)
    i.HAL_TIM_PWM_Init                       0x08004a2a   Section        0  stm32h7xx_hal_tim.o(i.HAL_TIM_PWM_Init)
    i.HAL_TIM_PWM_MspInit                    0x08004a8c   Section        0  stm32h7xx_hal_tim.o(i.HAL_TIM_PWM_MspInit)
    i.HAL_TIM_PWM_PulseFinishedCallback      0x08004a8e   Section        0  stm32h7xx_hal_tim.o(i.HAL_TIM_PWM_PulseFinishedCallback)
    i.HAL_TIM_PeriodElapsedCallback          0x08004a90   Section        0  stm32h7xx_hal_tim.o(i.HAL_TIM_PeriodElapsedCallback)
    i.HAL_TIM_TriggerCallback                0x08004a92   Section        0  stm32h7xx_hal_tim.o(i.HAL_TIM_TriggerCallback)
    i.HAL_UARTEx_DisableFifoMode             0x08004a94   Section        0  stm32h7xx_hal_uart_ex.o(i.HAL_UARTEx_DisableFifoMode)
    i.HAL_UARTEx_RxEventCallback             0x08004ad4   Section        0  stm32h7xx_hal_uart.o(i.HAL_UARTEx_RxEventCallback)
    i.HAL_UARTEx_RxFifoFullCallback          0x08004ad6   Section        0  stm32h7xx_hal_uart_ex.o(i.HAL_UARTEx_RxFifoFullCallback)
    i.HAL_UARTEx_SetRxFifoThreshold          0x08004ad8   Section        0  stm32h7xx_hal_uart_ex.o(i.HAL_UARTEx_SetRxFifoThreshold)
    i.HAL_UARTEx_SetTxFifoThreshold          0x08004b24   Section        0  stm32h7xx_hal_uart_ex.o(i.HAL_UARTEx_SetTxFifoThreshold)
    i.HAL_UARTEx_TxFifoEmptyCallback         0x08004b70   Section        0  stm32h7xx_hal_uart_ex.o(i.HAL_UARTEx_TxFifoEmptyCallback)
    i.HAL_UARTEx_WakeupCallback              0x08004b72   Section        0  stm32h7xx_hal_uart_ex.o(i.HAL_UARTEx_WakeupCallback)
    i.HAL_UART_DMAStop                       0x08004b74   Section        0  stm32h7xx_hal_uart.o(i.HAL_UART_DMAStop)
    i.HAL_UART_ErrorCallback                 0x08004c06   Section        0  stm32h7xx_hal_uart.o(i.HAL_UART_ErrorCallback)
    i.HAL_UART_IRQHandler                    0x08004c08   Section        0  stm32h7xx_hal_uart.o(i.HAL_UART_IRQHandler)
    i.HAL_UART_Init                          0x08004f90   Section        0  stm32h7xx_hal_uart.o(i.HAL_UART_Init)
    i.HAL_UART_MspInit                       0x08004ffc   Section        0  usart.o(i.HAL_UART_MspInit)
    i.HAL_UART_Receive_DMA                   0x080053ac   Section        0  stm32h7xx_hal_uart.o(i.HAL_UART_Receive_DMA)
    i.HAL_UART_Receive_IT                    0x080053f4   Section        0  stm32h7xx_hal_uart.o(i.HAL_UART_Receive_IT)
    i.HAL_UART_RxCpltCallback                0x0800543c   Section        0  stm32h7xx_hal_uart.o(i.HAL_UART_RxCpltCallback)
    i.HAL_UART_RxHalfCpltCallback            0x0800543e   Section        0  stm32h7xx_hal_uart.o(i.HAL_UART_RxHalfCpltCallback)
    i.HAL_UART_Transmit                      0x08005440   Section        0  stm32h7xx_hal_uart.o(i.HAL_UART_Transmit)
    i.HAL_UART_Transmit_DMA                  0x080054f0   Section        0  stm32h7xx_hal_uart.o(i.HAL_UART_Transmit_DMA)
    i.HAL_UART_TxCpltCallback                0x08005580   Section        0  stm32h7xx_hal_uart.o(i.HAL_UART_TxCpltCallback)
    i.HAL_UART_TxHalfCpltCallback            0x08005582   Section        0  stm32h7xx_hal_uart.o(i.HAL_UART_TxHalfCpltCallback)
    i.HardFault_Handler                      0x08005584   Section        0  stm32h7xx_it.o(i.HardFault_Handler)
    i.LCD_Clear                              0x08005588   Section        0  spi.o(i.LCD_Clear)
    i.LCD_SPI_CloseTransfer                  0x080055e0   Section        0  spi.o(i.LCD_SPI_CloseTransfer)
    i.LCD_SPI_Transmit                       0x0800569c   Section        0  spi.o(i.LCD_SPI_Transmit)
    i.LCD_SPI_WaitOnFlagUntilTimeout         0x080057f4   Section        0  spi.o(i.LCD_SPI_WaitOnFlagUntilTimeout)
    i.LCD_SetAddress                         0x08005838   Section        0  spi.o(i.LCD_SetAddress)
    i.LCD_SetBackColor                       0x0800588c   Section        0  spi.o(i.LCD_SetBackColor)
    i.LCD_SetColor                           0x080058b0   Section        0  spi.o(i.LCD_SetColor)
    i.LCD_SetDirection                       0x080058d4   Section        0  spi.o(i.LCD_SetDirection)
    i.LCD_WriteCommand                       0x08005944   Section        0  spi.o(i.LCD_WriteCommand)
    i.LCD_WriteData_16bit                    0x0800596c   Section        0  spi.o(i.LCD_WriteData_16bit)
    i.LCD_WriteData_8bit                     0x0800599c   Section        0  spi.o(i.LCD_WriteData_8bit)
    i.MX_DMA_Init                            0x080059c0   Section        0  dma.o(i.MX_DMA_Init)
    i.MX_GPIO_Init                           0x08005a5c   Section        0  gpio.o(i.MX_GPIO_Init)
    i.MX_I2C1_Init                           0x08005b4c   Section        0  i2c.o(i.MX_I2C1_Init)
    i.MX_SPI6_Init                           0x08005ba4   Section        0  spi.o(i.MX_SPI6_Init)
    i.MX_TIM1_Init                           0x08005c00   Section        0  tim.o(i.MX_TIM1_Init)
    i.MX_TIM23_Init                          0x08005d04   Section        0  tim.o(i.MX_TIM23_Init)
    i.MX_TIM2_Init                           0x08005d70   Section        0  tim.o(i.MX_TIM2_Init)
    i.MX_TIM3_Init                           0x08005dd8   Section        0  tim.o(i.MX_TIM3_Init)
    i.MX_TIM4_Init                           0x08005e44   Section        0  tim.o(i.MX_TIM4_Init)
    i.MX_TIM5_Init                           0x08005eb0   Section        0  tim.o(i.MX_TIM5_Init)
    i.MX_TIM8_Init                           0x08005f1c   Section        0  tim.o(i.MX_TIM8_Init)
    i.MX_UART4_Init                          0x08006000   Section        0  usart.o(i.MX_UART4_Init)
    i.MX_USART1_UART_Init                    0x08006068   Section        0  usart.o(i.MX_USART1_UART_Init)
    i.MX_USART2_UART_Init                    0x080060d0   Section        0  usart.o(i.MX_USART2_UART_Init)
    i.MX_USART3_UART_Init                    0x08006138   Section        0  usart.o(i.MX_USART3_UART_Init)
    i.MemManage_Handler                      0x080061a0   Section        0  stm32h7xx_it.o(i.MemManage_Handler)
    i.NMI_Handler                            0x080061a2   Section        0  stm32h7xx_it.o(i.NMI_Handler)
    i.PendSV_Handler                         0x080061a4   Section        0  stm32h7xx_it.o(i.PendSV_Handler)
    i.RCCEx_PLL2_Config                      0x080061a8   Section        0  stm32h7xx_hal_rcc_ex.o(i.RCCEx_PLL2_Config)
    RCCEx_PLL2_Config                        0x080061a9   Thumb Code   284  stm32h7xx_hal_rcc_ex.o(i.RCCEx_PLL2_Config)
    i.RCCEx_PLL3_Config                      0x080062c8   Section        0  stm32h7xx_hal_rcc_ex.o(i.RCCEx_PLL3_Config)
    RCCEx_PLL3_Config                        0x080062c9   Thumb Code   284  stm32h7xx_hal_rcc_ex.o(i.RCCEx_PLL3_Config)
    i.SPI_CloseTransfer                      0x080063e8   Section        0  stm32h7xx_hal_spi.o(i.SPI_CloseTransfer)
    SPI_CloseTransfer                        0x080063e9   Thumb Code   188  stm32h7xx_hal_spi.o(i.SPI_CloseTransfer)
    i.SPI_LCD_Init                           0x080064a4   Section        0  spi.o(i.SPI_LCD_Init)
    i.SPI_WaitOnFlagUntilTimeout             0x08006660   Section        0  stm32h7xx_hal_spi.o(i.SPI_WaitOnFlagUntilTimeout)
    SPI_WaitOnFlagUntilTimeout               0x08006661   Thumb Code    70  stm32h7xx_hal_spi.o(i.SPI_WaitOnFlagUntilTimeout)
    i.SVC_Handler                            0x080066a6   Section        0  stm32h7xx_it.o(i.SVC_Handler)
    i.SysTick_Handler                        0x080066a8   Section        0  stm32h7xx_it.o(i.SysTick_Handler)
    i.SystemClock_Config                     0x080066ac   Section        0  main.o(i.SystemClock_Config)
    i.SystemInit                             0x08006744   Section        0  system_stm32h7xx.o(i.SystemInit)
    i.TIM2_IRQHandler                        0x08006804   Section        0  stm32h7xx_it.o(i.TIM2_IRQHandler)
    i.TIM_Base_SetConfig                     0x08006810   Section        0  stm32h7xx_hal_tim.o(i.TIM_Base_SetConfig)
    i.TIM_CCxChannelCmd                      0x080068f4   Section        0  stm32h7xx_hal_tim.o(i.TIM_CCxChannelCmd)
    i.TIM_ETR_SetConfig                      0x0800690e   Section        0  stm32h7xx_hal_tim.o(i.TIM_ETR_SetConfig)
    i.TIM_ITRx_SetConfig                     0x08006920   Section        0  stm32h7xx_hal_tim.o(i.TIM_ITRx_SetConfig)
    TIM_ITRx_SetConfig                       0x08006921   Thumb Code    16  stm32h7xx_hal_tim.o(i.TIM_ITRx_SetConfig)
    i.TIM_Init                               0x08006934   Section        0  control.o(i.TIM_Init)
    i.TIM_OC1_SetConfig                      0x0800695c   Section        0  stm32h7xx_hal_tim.o(i.TIM_OC1_SetConfig)
    TIM_OC1_SetConfig                        0x0800695d   Thumb Code   140  stm32h7xx_hal_tim.o(i.TIM_OC1_SetConfig)
    i.TIM_OC2_SetConfig                      0x08006a00   Section        0  stm32h7xx_hal_tim.o(i.TIM_OC2_SetConfig)
    i.TIM_OC3_SetConfig                      0x08006a98   Section        0  stm32h7xx_hal_tim.o(i.TIM_OC3_SetConfig)
    TIM_OC3_SetConfig                        0x08006a99   Thumb Code   126  stm32h7xx_hal_tim.o(i.TIM_OC3_SetConfig)
    i.TIM_OC4_SetConfig                      0x08006b30   Section        0  stm32h7xx_hal_tim.o(i.TIM_OC4_SetConfig)
    TIM_OC4_SetConfig                        0x08006b31   Thumb Code    96  stm32h7xx_hal_tim.o(i.TIM_OC4_SetConfig)
    i.TIM_OC5_SetConfig                      0x08006ba8   Section        0  stm32h7xx_hal_tim.o(i.TIM_OC5_SetConfig)
    TIM_OC5_SetConfig                        0x08006ba9   Thumb Code    90  stm32h7xx_hal_tim.o(i.TIM_OC5_SetConfig)
    i.TIM_OC6_SetConfig                      0x08006c1c   Section        0  stm32h7xx_hal_tim.o(i.TIM_OC6_SetConfig)
    TIM_OC6_SetConfig                        0x08006c1d   Thumb Code    90  stm32h7xx_hal_tim.o(i.TIM_OC6_SetConfig)
    i.TIM_TI1_ConfigInputStage               0x08006c90   Section        0  stm32h7xx_hal_tim.o(i.TIM_TI1_ConfigInputStage)
    TIM_TI1_ConfigInputStage                 0x08006c91   Thumb Code    34  stm32h7xx_hal_tim.o(i.TIM_TI1_ConfigInputStage)
    i.TIM_TI2_ConfigInputStage               0x08006cb2   Section        0  stm32h7xx_hal_tim.o(i.TIM_TI2_ConfigInputStage)
    TIM_TI2_ConfigInputStage                 0x08006cb3   Thumb Code    36  stm32h7xx_hal_tim.o(i.TIM_TI2_ConfigInputStage)
    i.UART4_IRQHandler                       0x08006cd8   Section        0  stm32h7xx_it.o(i.UART4_IRQHandler)
    i.UARTEx_SetNbDataToProcess              0x08006ce4   Section        0  stm32h7xx_hal_uart_ex.o(i.UARTEx_SetNbDataToProcess)
    UARTEx_SetNbDataToProcess                0x08006ce5   Thumb Code    62  stm32h7xx_hal_uart_ex.o(i.UARTEx_SetNbDataToProcess)
    i.UART_AdvFeatureConfig                  0x08006d28   Section        0  stm32h7xx_hal_uart.o(i.UART_AdvFeatureConfig)
    i.UART_CheckIdleState                    0x08006df0   Section        0  stm32h7xx_hal_uart.o(i.UART_CheckIdleState)
    i.UART_DMAAbortOnError                   0x08006e9a   Section        0  stm32h7xx_hal_uart.o(i.UART_DMAAbortOnError)
    UART_DMAAbortOnError                     0x08006e9b   Thumb Code    20  stm32h7xx_hal_uart.o(i.UART_DMAAbortOnError)
    i.UART_DMAError                          0x08006eae   Section        0  stm32h7xx_hal_uart.o(i.UART_DMAError)
    UART_DMAError                            0x08006eaf   Thumb Code    78  stm32h7xx_hal_uart.o(i.UART_DMAError)
    i.UART_DMAReceiveCplt                    0x08006efc   Section        0  stm32h7xx_hal_uart.o(i.UART_DMAReceiveCplt)
    UART_DMAReceiveCplt                      0x08006efd   Thumb Code   130  stm32h7xx_hal_uart.o(i.UART_DMAReceiveCplt)
    i.UART_DMARxHalfCplt                     0x08006f7e   Section        0  stm32h7xx_hal_uart.o(i.UART_DMARxHalfCplt)
    UART_DMARxHalfCplt                       0x08006f7f   Thumb Code    32  stm32h7xx_hal_uart.o(i.UART_DMARxHalfCplt)
    i.UART_DMATransmitCplt                   0x08006f9e   Section        0  stm32h7xx_hal_uart.o(i.UART_DMATransmitCplt)
    UART_DMATransmitCplt                     0x08006f9f   Thumb Code    64  stm32h7xx_hal_uart.o(i.UART_DMATransmitCplt)
    i.UART_DMATxHalfCplt                     0x08006fde   Section        0  stm32h7xx_hal_uart.o(i.UART_DMATxHalfCplt)
    UART_DMATxHalfCplt                       0x08006fdf   Thumb Code    10  stm32h7xx_hal_uart.o(i.UART_DMATxHalfCplt)
    i.UART_EndRxTransfer                     0x08006fe8   Section        0  stm32h7xx_hal_uart.o(i.UART_EndRxTransfer)
    UART_EndRxTransfer                       0x08006fe9   Thumb Code    78  stm32h7xx_hal_uart.o(i.UART_EndRxTransfer)
    i.UART_EndTxTransfer                     0x0800703c   Section        0  stm32h7xx_hal_uart.o(i.UART_EndTxTransfer)
    UART_EndTxTransfer                       0x0800703d   Thumb Code    46  stm32h7xx_hal_uart.o(i.UART_EndTxTransfer)
    i.UART_RxISR_16BIT                       0x0800706c   Section        0  stm32h7xx_hal_uart.o(i.UART_RxISR_16BIT)
    UART_RxISR_16BIT                         0x0800706d   Thumb Code   196  stm32h7xx_hal_uart.o(i.UART_RxISR_16BIT)
    i.UART_RxISR_16BIT_FIFOEN                0x08007134   Section        0  stm32h7xx_hal_uart.o(i.UART_RxISR_16BIT_FIFOEN)
    UART_RxISR_16BIT_FIFOEN                  0x08007135   Thumb Code   404  stm32h7xx_hal_uart.o(i.UART_RxISR_16BIT_FIFOEN)
    i.UART_RxISR_8BIT                        0x080072d4   Section        0  stm32h7xx_hal_uart.o(i.UART_RxISR_8BIT)
    UART_RxISR_8BIT                          0x080072d5   Thumb Code   196  stm32h7xx_hal_uart.o(i.UART_RxISR_8BIT)
    i.UART_RxISR_8BIT_FIFOEN                 0x0800739c   Section        0  stm32h7xx_hal_uart.o(i.UART_RxISR_8BIT_FIFOEN)
    UART_RxISR_8BIT_FIFOEN                   0x0800739d   Thumb Code   404  stm32h7xx_hal_uart.o(i.UART_RxISR_8BIT_FIFOEN)
    i.UART_SetConfig                         0x0800753c   Section        0  stm32h7xx_hal_uart.o(i.UART_SetConfig)
    i.UART_Start_Receive_DMA                 0x08007918   Section        0  stm32h7xx_hal_uart.o(i.UART_Start_Receive_DMA)
    i.UART_Start_Receive_IT                  0x080079c0   Section        0  stm32h7xx_hal_uart.o(i.UART_Start_Receive_IT)
    i.UART_WaitOnFlagUntilTimeout            0x08007ad0   Section        0  stm32h7xx_hal_uart.o(i.UART_WaitOnFlagUntilTimeout)
    i.USART1_IRQHandler                      0x08007b64   Section        0  stm32h7xx_it.o(i.USART1_IRQHandler)
    i.USART2_IRQHandler                      0x08007c30   Section        0  stm32h7xx_it.o(i.USART2_IRQHandler)
    i.USART3_IRQHandler                      0x08007c3c   Section        0  stm32h7xx_it.o(i.USART3_IRQHandler)
    i.USART_Init                             0x08007c48   Section        0  usart_1.o(i.USART_Init)
    i.UsageFault_Handler                     0x08007ca4   Section        0  stm32h7xx_it.o(i.UsageFault_Handler)
    i.__0printf                              0x08007ca8   Section        0  printfa.o(i.__0printf)
    i.__NVIC_SetPriority                     0x08007cc8   Section        0  stm32h7xx_hal_cortex.o(i.__NVIC_SetPriority)
    __NVIC_SetPriority                       0x08007cc9   Thumb Code    34  stm32h7xx_hal_cortex.o(i.__NVIC_SetPriority)
    i.__scatterload_copy                     0x08007cea   Section       14  handlers.o(i.__scatterload_copy)
    i.__scatterload_null                     0x08007cf8   Section        2  handlers.o(i.__scatterload_null)
    i.__scatterload_zeroinit                 0x08007cfa   Section       14  handlers.o(i.__scatterload_zeroinit)
    i._fp_digits                             0x08007d08   Section        0  printfa.o(i._fp_digits)
    _fp_digits                               0x08007d09   Thumb Code   334  printfa.o(i._fp_digits)
    i._printf_core                           0x08007e6c   Section        0  printfa.o(i._printf_core)
    _printf_core                             0x08007e6d   Thumb Code  1744  printfa.o(i._printf_core)
    i._printf_post_padding                   0x08008548   Section        0  printfa.o(i._printf_post_padding)
    _printf_post_padding                     0x08008549   Thumb Code    36  printfa.o(i._printf_post_padding)
    i._printf_pre_padding                    0x0800856c   Section        0  printfa.o(i._printf_pre_padding)
    _printf_pre_padding                      0x0800856d   Thumb Code    46  printfa.o(i._printf_pre_padding)
    i.fputc                                  0x0800859c   Section        0  usart_1.o(i.fputc)
    i.main                                   0x080085bc   Section        0  main.o(i.main)
    .constdata                               0x0800865a   Section        8  stm32h7xx_hal_dma.o(.constdata)
    flagBitshiftOffset                       0x0800865a   Data           8  stm32h7xx_hal_dma.o(.constdata)
    .constdata                               0x08008662   Section       24  stm32h7xx_hal_uart.o(.constdata)
    .constdata                               0x0800867a   Section       16  stm32h7xx_hal_uart_ex.o(.constdata)
    numerator                                0x0800867a   Data           8  stm32h7xx_hal_uart_ex.o(.constdata)
    denominator                              0x08008682   Data           8  stm32h7xx_hal_uart_ex.o(.constdata)
    .constdata                               0x0800868a   Section       16  system_stm32h7xx.o(.constdata)
    .constdata                               0x0800869a   Section     4560  lcd_fonts.o(.constdata)
    .data                                    0x20000000   Section       32  spi.o(.data)
    _pointx                                  0x20000000   Data           4  spi.o(.data)
    _pointy                                  0x20000004   Data           4  spi.o(.data)
    LCD_AsciiFonts                           0x20000008   Data           4  spi.o(.data)
    LCD_CHFonts                              0x2000000c   Data           4  spi.o(.data)
    .data                                    0x20000020   Section       12  stm32h7xx_hal.o(.data)
    .data                                    0x2000002c   Section        8  system_stm32h7xx.o(.data)
    .data                                    0x20000034   Section       12  lcd_fonts.o(.data)
    .bss                                     0x20000040   Section     2200  spi.o(.bss)
    .bss                                     0x200008d8   Section      532  tim.o(.bss)
    .data                                    0x24000000   Section        1  main.o(.data)
    .data                                    0x24000001   Section        1  main.o(.data)
    .data                                    0x24000002   Section        1  main.o(.data)
    .data                                    0x24000004   Section        4  stdout.o(.data)
    .bss                                     0x24000008   Section      128  main.o(.bss)
    .bss                                     0x24000088   Section       84  i2c.o(.bss)
    .bss                                     0x240000dc   Section     1552  usart.o(.bss)
    STACK                                    0x240006f0   Section     1024  startup_stm32h723xx.o(STACK)

    Global Symbols

    Symbol Name                              Value     Ov Type        Size  Object(Section)

    BuildAttributes$$THM_ISAv4$E$P$D$K$B$S$7EM$VFPv5_D16$PE$PLD8$A:L22UL41UL21$X:L11$S22US41US21$IEEE1$IW$USESV6$~STKCKD$USESV7$~SHL$OTIME$ROPI$IEEEX$EBA8$MICROLIB$REQ8$PRES8$EABIv2 0x00000000   Number         0  anon$$obj.o ABSOLUTE
    __ARM_use_no_argv                        0x00000000   Number         0  main.o ABSOLUTE
    _printf_a                                0x00000000   Number         0  stubs.o ABSOLUTE
    _printf_c                                0x00000000   Number         0  stubs.o ABSOLUTE
    _printf_charcount                        0x00000000   Number         0  stubs.o ABSOLUTE
    _printf_d                                0x00000000   Number         0  stubs.o ABSOLUTE
    _printf_e                                0x00000000   Number         0  stubs.o ABSOLUTE
    _printf_f                                0x00000000   Number         0  stubs.o ABSOLUTE
    _printf_flags                            0x00000000   Number         0  stubs.o ABSOLUTE
    _printf_fp_dec                           0x00000000   Number         0  stubs.o ABSOLUTE
    _printf_fp_hex                           0x00000000   Number         0  stubs.o ABSOLUTE
    _printf_g                                0x00000000   Number         0  stubs.o ABSOLUTE
    _printf_i                                0x00000000   Number         0  stubs.o ABSOLUTE
    _printf_int_dec                          0x00000000   Number         0  stubs.o ABSOLUTE
    _printf_l                                0x00000000   Number         0  stubs.o ABSOLUTE
    _printf_lc                               0x00000000   Number         0  stubs.o ABSOLUTE
    _printf_ll                               0x00000000   Number         0  stubs.o ABSOLUTE
    _printf_lld                              0x00000000   Number         0  stubs.o ABSOLUTE
    _printf_lli                              0x00000000   Number         0  stubs.o ABSOLUTE
    _printf_llo                              0x00000000   Number         0  stubs.o ABSOLUTE
    _printf_llu                              0x00000000   Number         0  stubs.o ABSOLUTE
    _printf_llx                              0x00000000   Number         0  stubs.o ABSOLUTE
    _printf_longlong_dec                     0x00000000   Number         0  stubs.o ABSOLUTE
    _printf_longlong_hex                     0x00000000   Number         0  stubs.o ABSOLUTE
    _printf_longlong_oct                     0x00000000   Number         0  stubs.o ABSOLUTE
    _printf_ls                               0x00000000   Number         0  stubs.o ABSOLUTE
    _printf_mbtowc                           0x00000000   Number         0  stubs.o ABSOLUTE
    _printf_n                                0x00000000   Number         0  stubs.o ABSOLUTE
    _printf_o                                0x00000000   Number         0  stubs.o ABSOLUTE
    _printf_p                                0x00000000   Number         0  stubs.o ABSOLUTE
    _printf_percent                          0x00000000   Number         0  stubs.o ABSOLUTE
    _printf_pre_padding                      0x00000000   Number         0  stubs.o ABSOLUTE
    _printf_return_value                     0x00000000   Number         0  stubs.o ABSOLUTE
    _printf_s                                0x00000000   Number         0  stubs.o ABSOLUTE
    _printf_sizespec                         0x00000000   Number         0  stubs.o ABSOLUTE
    _printf_str                              0x00000000   Number         0  stubs.o ABSOLUTE
    _printf_truncate_signed                  0x00000000   Number         0  stubs.o ABSOLUTE
    _printf_truncate_unsigned                0x00000000   Number         0  stubs.o ABSOLUTE
    _printf_u                                0x00000000   Number         0  stubs.o ABSOLUTE
    _printf_wc                               0x00000000   Number         0  stubs.o ABSOLUTE
    _printf_wctomb                           0x00000000   Number         0  stubs.o ABSOLUTE
    _printf_widthprec                        0x00000000   Number         0  stubs.o ABSOLUTE
    _printf_x                                0x00000000   Number         0  stubs.o ABSOLUTE
    __cpp_initialize__aeabi_                  - Undefined Weak Reference
    __cxa_finalize                            - Undefined Weak Reference
    __decompress                              - Undefined Weak Reference
    _clock_init                               - Undefined Weak Reference
    _microlib_exit                            - Undefined Weak Reference
    __Vectors_Size                           0x000002cc   Number         0  startup_stm32h723xx.o ABSOLUTE
    __Vectors                                0x08000000   Data           4  startup_stm32h723xx.o(RESET)
    __Vectors_End                            0x080002cc   Data           0  startup_stm32h723xx.o(RESET)
    __main                                   0x080002cd   Thumb Code     0  entry.o(.ARM.Collect$$$$00000000)
    _main_stk                                0x080002cd   Thumb Code     0  entry2.o(.ARM.Collect$$$$00000001)
    _main_scatterload                        0x080002d1   Thumb Code     0  entry5.o(.ARM.Collect$$$$00000004)
    __main_after_scatterload                 0x080002d5   Thumb Code     0  entry5.o(.ARM.Collect$$$$00000004)
    _main_clock                              0x080002d5   Thumb Code     0  entry7b.o(.ARM.Collect$$$$00000008)
    _main_cpp_init                           0x080002d5   Thumb Code     0  entry8b.o(.ARM.Collect$$$$0000000A)
    _main_init                               0x080002d5   Thumb Code     0  entry9a.o(.ARM.Collect$$$$0000000B)
    __rt_final_cpp                           0x080002dd   Thumb Code     0  entry10a.o(.ARM.Collect$$$$0000000D)
    __rt_final_exit                          0x080002dd   Thumb Code     0  entry11a.o(.ARM.Collect$$$$0000000F)
    Reset_Handler                            0x080002e1   Thumb Code     8  startup_stm32h723xx.o(.text)
    ADC3_IRQHandler                          0x080002fb   Thumb Code     0  startup_stm32h723xx.o(.text)
    ADC_IRQHandler                           0x080002fb   Thumb Code     0  startup_stm32h723xx.o(.text)
    BDMA_Channel0_IRQHandler                 0x080002fb   Thumb Code     0  startup_stm32h723xx.o(.text)
    BDMA_Channel1_IRQHandler                 0x080002fb   Thumb Code     0  startup_stm32h723xx.o(.text)
    BDMA_Channel2_IRQHandler                 0x080002fb   Thumb Code     0  startup_stm32h723xx.o(.text)
    BDMA_Channel3_IRQHandler                 0x080002fb   Thumb Code     0  startup_stm32h723xx.o(.text)
    BDMA_Channel4_IRQHandler                 0x080002fb   Thumb Code     0  startup_stm32h723xx.o(.text)
    BDMA_Channel5_IRQHandler                 0x080002fb   Thumb Code     0  startup_stm32h723xx.o(.text)
    BDMA_Channel6_IRQHandler                 0x080002fb   Thumb Code     0  startup_stm32h723xx.o(.text)
    BDMA_Channel7_IRQHandler                 0x080002fb   Thumb Code     0  startup_stm32h723xx.o(.text)
    CEC_IRQHandler                           0x080002fb   Thumb Code     0  startup_stm32h723xx.o(.text)
    COMP1_IRQHandler                         0x080002fb   Thumb Code     0  startup_stm32h723xx.o(.text)
    CORDIC_IRQHandler                        0x080002fb   Thumb Code     0  startup_stm32h723xx.o(.text)
    CRS_IRQHandler                           0x080002fb   Thumb Code     0  startup_stm32h723xx.o(.text)
    DCMI_PSSI_IRQHandler                     0x080002fb   Thumb Code     0  startup_stm32h723xx.o(.text)
    DFSDM1_FLT0_IRQHandler                   0x080002fb   Thumb Code     0  startup_stm32h723xx.o(.text)
    DFSDM1_FLT1_IRQHandler                   0x080002fb   Thumb Code     0  startup_stm32h723xx.o(.text)
    DFSDM1_FLT2_IRQHandler                   0x080002fb   Thumb Code     0  startup_stm32h723xx.o(.text)
    DFSDM1_FLT3_IRQHandler                   0x080002fb   Thumb Code     0  startup_stm32h723xx.o(.text)
    DMA2D_IRQHandler                         0x080002fb   Thumb Code     0  startup_stm32h723xx.o(.text)
    DMA2_Stream0_IRQHandler                  0x080002fb   Thumb Code     0  startup_stm32h723xx.o(.text)
    DMA2_Stream1_IRQHandler                  0x080002fb   Thumb Code     0  startup_stm32h723xx.o(.text)
    DMA2_Stream2_IRQHandler                  0x080002fb   Thumb Code     0  startup_stm32h723xx.o(.text)
    DMA2_Stream3_IRQHandler                  0x080002fb   Thumb Code     0  startup_stm32h723xx.o(.text)
    DMA2_Stream4_IRQHandler                  0x080002fb   Thumb Code     0  startup_stm32h723xx.o(.text)
    DMA2_Stream5_IRQHandler                  0x080002fb   Thumb Code     0  startup_stm32h723xx.o(.text)
    DMA2_Stream6_IRQHandler                  0x080002fb   Thumb Code     0  startup_stm32h723xx.o(.text)
    DMA2_Stream7_IRQHandler                  0x080002fb   Thumb Code     0  startup_stm32h723xx.o(.text)
    DMAMUX1_OVR_IRQHandler                   0x080002fb   Thumb Code     0  startup_stm32h723xx.o(.text)
    DMAMUX2_OVR_IRQHandler                   0x080002fb   Thumb Code     0  startup_stm32h723xx.o(.text)
    DTS_IRQHandler                           0x080002fb   Thumb Code     0  startup_stm32h723xx.o(.text)
    ECC_IRQHandler                           0x080002fb   Thumb Code     0  startup_stm32h723xx.o(.text)
    ETH_IRQHandler                           0x080002fb   Thumb Code     0  startup_stm32h723xx.o(.text)
    ETH_WKUP_IRQHandler                      0x080002fb   Thumb Code     0  startup_stm32h723xx.o(.text)
    EXTI0_IRQHandler                         0x080002fb   Thumb Code     0  startup_stm32h723xx.o(.text)
    EXTI15_10_IRQHandler                     0x080002fb   Thumb Code     0  startup_stm32h723xx.o(.text)
    EXTI1_IRQHandler                         0x080002fb   Thumb Code     0  startup_stm32h723xx.o(.text)
    EXTI2_IRQHandler                         0x080002fb   Thumb Code     0  startup_stm32h723xx.o(.text)
    EXTI3_IRQHandler                         0x080002fb   Thumb Code     0  startup_stm32h723xx.o(.text)
    EXTI4_IRQHandler                         0x080002fb   Thumb Code     0  startup_stm32h723xx.o(.text)
    EXTI9_5_IRQHandler                       0x080002fb   Thumb Code     0  startup_stm32h723xx.o(.text)
    FDCAN1_IT0_IRQHandler                    0x080002fb   Thumb Code     0  startup_stm32h723xx.o(.text)
    FDCAN1_IT1_IRQHandler                    0x080002fb   Thumb Code     0  startup_stm32h723xx.o(.text)
    FDCAN2_IT0_IRQHandler                    0x080002fb   Thumb Code     0  startup_stm32h723xx.o(.text)
    FDCAN2_IT1_IRQHandler                    0x080002fb   Thumb Code     0  startup_stm32h723xx.o(.text)
    FDCAN3_IT0_IRQHandler                    0x080002fb   Thumb Code     0  startup_stm32h723xx.o(.text)
    FDCAN3_IT1_IRQHandler                    0x080002fb   Thumb Code     0  startup_stm32h723xx.o(.text)
    FDCAN_CAL_IRQHandler                     0x080002fb   Thumb Code     0  startup_stm32h723xx.o(.text)
    FLASH_IRQHandler                         0x080002fb   Thumb Code     0  startup_stm32h723xx.o(.text)
    FMAC_IRQHandler                          0x080002fb   Thumb Code     0  startup_stm32h723xx.o(.text)
    FMC_IRQHandler                           0x080002fb   Thumb Code     0  startup_stm32h723xx.o(.text)
    FPU_IRQHandler                           0x080002fb   Thumb Code     0  startup_stm32h723xx.o(.text)
    HSEM1_IRQHandler                         0x080002fb   Thumb Code     0  startup_stm32h723xx.o(.text)
    I2C1_ER_IRQHandler                       0x080002fb   Thumb Code     0  startup_stm32h723xx.o(.text)
    I2C1_EV_IRQHandler                       0x080002fb   Thumb Code     0  startup_stm32h723xx.o(.text)
    I2C2_ER_IRQHandler                       0x080002fb   Thumb Code     0  startup_stm32h723xx.o(.text)
    I2C2_EV_IRQHandler                       0x080002fb   Thumb Code     0  startup_stm32h723xx.o(.text)
    I2C3_ER_IRQHandler                       0x080002fb   Thumb Code     0  startup_stm32h723xx.o(.text)
    I2C3_EV_IRQHandler                       0x080002fb   Thumb Code     0  startup_stm32h723xx.o(.text)
    I2C4_ER_IRQHandler                       0x080002fb   Thumb Code     0  startup_stm32h723xx.o(.text)
    I2C4_EV_IRQHandler                       0x080002fb   Thumb Code     0  startup_stm32h723xx.o(.text)
    I2C5_ER_IRQHandler                       0x080002fb   Thumb Code     0  startup_stm32h723xx.o(.text)
    I2C5_EV_IRQHandler                       0x080002fb   Thumb Code     0  startup_stm32h723xx.o(.text)
    LPTIM1_IRQHandler                        0x080002fb   Thumb Code     0  startup_stm32h723xx.o(.text)
    LPTIM2_IRQHandler                        0x080002fb   Thumb Code     0  startup_stm32h723xx.o(.text)
    LPTIM3_IRQHandler                        0x080002fb   Thumb Code     0  startup_stm32h723xx.o(.text)
    LPTIM4_IRQHandler                        0x080002fb   Thumb Code     0  startup_stm32h723xx.o(.text)
    LPTIM5_IRQHandler                        0x080002fb   Thumb Code     0  startup_stm32h723xx.o(.text)
    LPUART1_IRQHandler                       0x080002fb   Thumb Code     0  startup_stm32h723xx.o(.text)
    LTDC_ER_IRQHandler                       0x080002fb   Thumb Code     0  startup_stm32h723xx.o(.text)
    LTDC_IRQHandler                          0x080002fb   Thumb Code     0  startup_stm32h723xx.o(.text)
    MDIOS_IRQHandler                         0x080002fb   Thumb Code     0  startup_stm32h723xx.o(.text)
    MDIOS_WKUP_IRQHandler                    0x080002fb   Thumb Code     0  startup_stm32h723xx.o(.text)
    MDMA_IRQHandler                          0x080002fb   Thumb Code     0  startup_stm32h723xx.o(.text)
    OCTOSPI1_IRQHandler                      0x080002fb   Thumb Code     0  startup_stm32h723xx.o(.text)
    OCTOSPI2_IRQHandler                      0x080002fb   Thumb Code     0  startup_stm32h723xx.o(.text)
    OTG_HS_EP1_IN_IRQHandler                 0x080002fb   Thumb Code     0  startup_stm32h723xx.o(.text)
    OTG_HS_EP1_OUT_IRQHandler                0x080002fb   Thumb Code     0  startup_stm32h723xx.o(.text)
    OTG_HS_IRQHandler                        0x080002fb   Thumb Code     0  startup_stm32h723xx.o(.text)
    OTG_HS_WKUP_IRQHandler                   0x080002fb   Thumb Code     0  startup_stm32h723xx.o(.text)
    PVD_AVD_IRQHandler                       0x080002fb   Thumb Code     0  startup_stm32h723xx.o(.text)
    RCC_IRQHandler                           0x080002fb   Thumb Code     0  startup_stm32h723xx.o(.text)
    RNG_IRQHandler                           0x080002fb   Thumb Code     0  startup_stm32h723xx.o(.text)
    RTC_Alarm_IRQHandler                     0x080002fb   Thumb Code     0  startup_stm32h723xx.o(.text)
    RTC_WKUP_IRQHandler                      0x080002fb   Thumb Code     0  startup_stm32h723xx.o(.text)
    SAI1_IRQHandler                          0x080002fb   Thumb Code     0  startup_stm32h723xx.o(.text)
    SAI4_IRQHandler                          0x080002fb   Thumb Code     0  startup_stm32h723xx.o(.text)
    SDMMC1_IRQHandler                        0x080002fb   Thumb Code     0  startup_stm32h723xx.o(.text)
    SDMMC2_IRQHandler                        0x080002fb   Thumb Code     0  startup_stm32h723xx.o(.text)
    SPDIF_RX_IRQHandler                      0x080002fb   Thumb Code     0  startup_stm32h723xx.o(.text)
    SPI1_IRQHandler                          0x080002fb   Thumb Code     0  startup_stm32h723xx.o(.text)
    SPI2_IRQHandler                          0x080002fb   Thumb Code     0  startup_stm32h723xx.o(.text)
    SPI3_IRQHandler                          0x080002fb   Thumb Code     0  startup_stm32h723xx.o(.text)
    SPI4_IRQHandler                          0x080002fb   Thumb Code     0  startup_stm32h723xx.o(.text)
    SPI5_IRQHandler                          0x080002fb   Thumb Code     0  startup_stm32h723xx.o(.text)
    SPI6_IRQHandler                          0x080002fb   Thumb Code     0  startup_stm32h723xx.o(.text)
    SWPMI1_IRQHandler                        0x080002fb   Thumb Code     0  startup_stm32h723xx.o(.text)
    TAMP_STAMP_IRQHandler                    0x080002fb   Thumb Code     0  startup_stm32h723xx.o(.text)
    TIM15_IRQHandler                         0x080002fb   Thumb Code     0  startup_stm32h723xx.o(.text)
    TIM16_IRQHandler                         0x080002fb   Thumb Code     0  startup_stm32h723xx.o(.text)
    TIM17_IRQHandler                         0x080002fb   Thumb Code     0  startup_stm32h723xx.o(.text)
    TIM1_BRK_IRQHandler                      0x080002fb   Thumb Code     0  startup_stm32h723xx.o(.text)
    TIM1_CC_IRQHandler                       0x080002fb   Thumb Code     0  startup_stm32h723xx.o(.text)
    TIM1_TRG_COM_IRQHandler                  0x080002fb   Thumb Code     0  startup_stm32h723xx.o(.text)
    TIM1_UP_IRQHandler                       0x080002fb   Thumb Code     0  startup_stm32h723xx.o(.text)
    TIM23_IRQHandler                         0x080002fb   Thumb Code     0  startup_stm32h723xx.o(.text)
    TIM24_IRQHandler                         0x080002fb   Thumb Code     0  startup_stm32h723xx.o(.text)
    TIM3_IRQHandler                          0x080002fb   Thumb Code     0  startup_stm32h723xx.o(.text)
    TIM4_IRQHandler                          0x080002fb   Thumb Code     0  startup_stm32h723xx.o(.text)
    TIM5_IRQHandler                          0x080002fb   Thumb Code     0  startup_stm32h723xx.o(.text)
    TIM6_DAC_IRQHandler                      0x080002fb   Thumb Code     0  startup_stm32h723xx.o(.text)
    TIM7_IRQHandler                          0x080002fb   Thumb Code     0  startup_stm32h723xx.o(.text)
    TIM8_BRK_TIM12_IRQHandler                0x080002fb   Thumb Code     0  startup_stm32h723xx.o(.text)
    TIM8_CC_IRQHandler                       0x080002fb   Thumb Code     0  startup_stm32h723xx.o(.text)
    TIM8_TRG_COM_TIM14_IRQHandler            0x080002fb   Thumb Code     0  startup_stm32h723xx.o(.text)
    TIM8_UP_TIM13_IRQHandler                 0x080002fb   Thumb Code     0  startup_stm32h723xx.o(.text)
    UART5_IRQHandler                         0x080002fb   Thumb Code     0  startup_stm32h723xx.o(.text)
    UART7_IRQHandler                         0x080002fb   Thumb Code     0  startup_stm32h723xx.o(.text)
    UART8_IRQHandler                         0x080002fb   Thumb Code     0  startup_stm32h723xx.o(.text)
    UART9_IRQHandler                         0x080002fb   Thumb Code     0  startup_stm32h723xx.o(.text)
    USART10_IRQHandler                       0x080002fb   Thumb Code     0  startup_stm32h723xx.o(.text)
    USART6_IRQHandler                        0x080002fb   Thumb Code     0  startup_stm32h723xx.o(.text)
    WAKEUP_PIN_IRQHandler                    0x080002fb   Thumb Code     0  startup_stm32h723xx.o(.text)
    WWDG_IRQHandler                          0x080002fb   Thumb Code     0  startup_stm32h723xx.o(.text)
    __aeabi_uldivmod                         0x08000305   Thumb Code    98  uldiv.o(.text)
    __aeabi_memset                           0x08000367   Thumb Code    14  memseta.o(.text)
    __aeabi_memset4                          0x08000367   Thumb Code     0  memseta.o(.text)
    __aeabi_memset8                          0x08000367   Thumb Code     0  memseta.o(.text)
    __aeabi_memclr                           0x08000375   Thumb Code     4  memseta.o(.text)
    __aeabi_memclr4                          0x08000375   Thumb Code     0  memseta.o(.text)
    __aeabi_memclr8                          0x08000375   Thumb Code     0  memseta.o(.text)
    _memset$wrapper                          0x08000379   Thumb Code    18  memseta.o(.text)
    __aeabi_uidiv                            0x0800038b   Thumb Code     0  uidiv.o(.text)
    __aeabi_uidivmod                         0x0800038b   Thumb Code    44  uidiv.o(.text)
    __aeabi_llsl                             0x080003b7   Thumb Code    30  llshl.o(.text)
    _ll_shift_l                              0x080003b7   Thumb Code     0  llshl.o(.text)
    __aeabi_llsr                             0x080003d5   Thumb Code    32  llushr.o(.text)
    _ll_ushift_r                             0x080003d5   Thumb Code     0  llushr.o(.text)
    __I$use$fp                               0x080003f5   Thumb Code     0  iusefp.o(.text)
    __aeabi_dadd                             0x080003f5   Thumb Code   322  dadd.o(.text)
    __aeabi_dsub                             0x08000537   Thumb Code     6  dadd.o(.text)
    __aeabi_drsub                            0x0800053d   Thumb Code     6  dadd.o(.text)
    __aeabi_dmul                             0x08000543   Thumb Code   228  dmul.o(.text)
    __aeabi_ddiv                             0x08000627   Thumb Code   222  ddiv.o(.text)
    __aeabi_d2ulz                            0x08000705   Thumb Code    48  dfixul.o(.text)
    __aeabi_cdrcmple                         0x08000735   Thumb Code    48  cdrcmple.o(.text)
    __scatterload                            0x08000765   Thumb Code    28  init.o(.text)
    __scatterload_rt2                        0x08000765   Thumb Code     0  init.o(.text)
    __aeabi_lasr                             0x08000789   Thumb Code    36  llsshr.o(.text)
    _ll_sshift_r                             0x08000789   Thumb Code     0  llsshr.o(.text)
    _double_round                            0x080007ad   Thumb Code    30  depilogue.o(.text)
    _double_epilogue                         0x080007cb   Thumb Code   156  depilogue.o(.text)
    BusFault_Handler                         0x08000867   Thumb Code     2  stm32h7xx_it.o(i.BusFault_Handler)
    DMA1_Stream0_IRQHandler                  0x08000869   Thumb Code     6  stm32h7xx_it.o(i.DMA1_Stream0_IRQHandler)
    DMA1_Stream1_IRQHandler                  0x08000875   Thumb Code     6  stm32h7xx_it.o(i.DMA1_Stream1_IRQHandler)
    DMA1_Stream2_IRQHandler                  0x08000881   Thumb Code     6  stm32h7xx_it.o(i.DMA1_Stream2_IRQHandler)
    DMA1_Stream3_IRQHandler                  0x0800088d   Thumb Code     6  stm32h7xx_it.o(i.DMA1_Stream3_IRQHandler)
    DMA1_Stream4_IRQHandler                  0x08000899   Thumb Code     6  stm32h7xx_it.o(i.DMA1_Stream4_IRQHandler)
    DMA1_Stream5_IRQHandler                  0x080008a5   Thumb Code     6  stm32h7xx_it.o(i.DMA1_Stream5_IRQHandler)
    DMA1_Stream6_IRQHandler                  0x080008b1   Thumb Code     6  stm32h7xx_it.o(i.DMA1_Stream6_IRQHandler)
    DMA1_Stream7_IRQHandler                  0x080008bd   Thumb Code     6  stm32h7xx_it.o(i.DMA1_Stream7_IRQHandler)
    DebugMon_Handler                         0x08000d01   Thumb Code     2  stm32h7xx_it.o(i.DebugMon_Handler)
    Error_Handler                            0x08000d03   Thumb Code     4  main.o(i.Error_Handler)
    HAL_DMA_Abort                            0x08000d09   Thumb Code   836  stm32h7xx_hal_dma.o(i.HAL_DMA_Abort)
    HAL_DMA_Abort_IT                         0x08001069   Thumb Code   602  stm32h7xx_hal_dma.o(i.HAL_DMA_Abort_IT)
    HAL_DMA_GetError                         0x080012ed   Thumb Code     4  stm32h7xx_hal_dma.o(i.HAL_DMA_GetError)
    HAL_DMA_IRQHandler                       0x080012f1   Thumb Code  1756  stm32h7xx_hal_dma.o(i.HAL_DMA_IRQHandler)
    HAL_DMA_Init                             0x080019d9   Thumb Code   922  stm32h7xx_hal_dma.o(i.HAL_DMA_Init)
    HAL_DMA_Start_IT                         0x08001d95   Thumb Code   628  stm32h7xx_hal_dma.o(i.HAL_DMA_Start_IT)
    HAL_Delay                                0x08002031   Thumb Code    32  stm32h7xx_hal.o(i.HAL_Delay)
    HAL_GPIO_Init                            0x08002055   Thumb Code   496  stm32h7xx_hal_gpio.o(i.HAL_GPIO_Init)
    HAL_GPIO_WritePin                        0x08002271   Thumb Code    10  stm32h7xx_hal_gpio.o(i.HAL_GPIO_WritePin)
    HAL_GetTick                              0x0800227d   Thumb Code     6  stm32h7xx_hal.o(i.HAL_GetTick)
    HAL_I2CEx_ConfigAnalogFilter             0x08002289   Thumb Code    88  stm32h7xx_hal_i2c_ex.o(i.HAL_I2CEx_ConfigAnalogFilter)
    HAL_I2CEx_ConfigDigitalFilter            0x080022e1   Thumb Code    84  stm32h7xx_hal_i2c_ex.o(i.HAL_I2CEx_ConfigDigitalFilter)
    HAL_I2C_Init                             0x08002335   Thumb Code   186  stm32h7xx_hal_i2c.o(i.HAL_I2C_Init)
    HAL_I2C_MspInit                          0x080023f5   Thumb Code   124  i2c.o(i.HAL_I2C_MspInit)
    HAL_IncTick                              0x0800247d   Thumb Code    12  stm32h7xx_hal.o(i.HAL_IncTick)
    HAL_Init                                 0x0800248d   Thumb Code    74  stm32h7xx_hal.o(i.HAL_Init)
    HAL_InitTick                             0x080024e9   Thumb Code    56  stm32h7xx_hal.o(i.HAL_InitTick)
    HAL_MPU_ConfigRegion                     0x08002529   Thumb Code    86  stm32h7xx_hal_cortex.o(i.HAL_MPU_ConfigRegion)
    HAL_MPU_Disable                          0x08002585   Thumb Code    24  stm32h7xx_hal_cortex.o(i.HAL_MPU_Disable)
    HAL_MPU_Enable                           0x080025a1   Thumb Code    30  stm32h7xx_hal_cortex.o(i.HAL_MPU_Enable)
    HAL_MspInit                              0x080025c5   Thumb Code    22  stm32h7xx_hal_msp.o(i.HAL_MspInit)
    HAL_NVIC_EnableIRQ                       0x080025e1   Thumb Code    26  stm32h7xx_hal_cortex.o(i.HAL_NVIC_EnableIRQ)
    HAL_NVIC_SetPriority                     0x080025fd   Thumb Code    60  stm32h7xx_hal_cortex.o(i.HAL_NVIC_SetPriority)
    HAL_NVIC_SetPriorityGrouping             0x0800263d   Thumb Code    28  stm32h7xx_hal_cortex.o(i.HAL_NVIC_SetPriorityGrouping)
    HAL_PWREx_ConfigSupply                   0x08002661   Thumb Code    78  stm32h7xx_hal_pwr_ex.o(i.HAL_PWREx_ConfigSupply)
    HAL_RCCEx_GetD3PCLK1Freq                 0x080026b5   Thumb Code    26  stm32h7xx_hal_rcc_ex.o(i.HAL_RCCEx_GetD3PCLK1Freq)
    HAL_RCCEx_GetPLL2ClockFreq               0x080026d9   Thumb Code   296  stm32h7xx_hal_rcc_ex.o(i.HAL_RCCEx_GetPLL2ClockFreq)
    HAL_RCCEx_GetPLL3ClockFreq               0x0800281d   Thumb Code   296  stm32h7xx_hal_rcc_ex.o(i.HAL_RCCEx_GetPLL3ClockFreq)
    HAL_RCCEx_PeriphCLKConfig                0x08002961   Thumb Code  2362  stm32h7xx_hal_rcc_ex.o(i.HAL_RCCEx_PeriphCLKConfig)
    HAL_RCC_ClockConfig                      0x0800329d   Thumb Code   580  stm32h7xx_hal_rcc.o(i.HAL_RCC_ClockConfig)
    HAL_RCC_GetHCLKFreq                      0x080034f9   Thumb Code    52  stm32h7xx_hal_rcc.o(i.HAL_RCC_GetHCLKFreq)
    HAL_RCC_GetPCLK1Freq                     0x0800353d   Thumb Code    26  stm32h7xx_hal_rcc.o(i.HAL_RCC_GetPCLK1Freq)
    HAL_RCC_GetPCLK2Freq                     0x08003561   Thumb Code    26  stm32h7xx_hal_rcc.o(i.HAL_RCC_GetPCLK2Freq)
    HAL_RCC_GetSysClockFreq                  0x08003585   Thumb Code   278  stm32h7xx_hal_rcc.o(i.HAL_RCC_GetSysClockFreq)
    HAL_RCC_OscConfig                        0x080036bd   Thumb Code  1318  stm32h7xx_hal_rcc.o(i.HAL_RCC_OscConfig)
    HAL_SPI_Init                             0x08003be5   Thumb Code   366  stm32h7xx_hal_spi.o(i.HAL_SPI_Init)
    HAL_SPI_MspInit                          0x08003d61   Thumb Code   198  spi.o(i.HAL_SPI_MspInit)
    HAL_SPI_Transmit                         0x08003e35   Thumb Code   568  stm32h7xx_hal_spi.o(i.HAL_SPI_Transmit)
    HAL_SYSTICK_Config                       0x0800406d   Thumb Code    38  stm32h7xx_hal_cortex.o(i.HAL_SYSTICK_Config)
    HAL_TIMEx_Break2Callback                 0x08004093   Thumb Code     2  stm32h7xx_hal_tim_ex.o(i.HAL_TIMEx_Break2Callback)
    HAL_TIMEx_BreakCallback                  0x08004095   Thumb Code     2  stm32h7xx_hal_tim_ex.o(i.HAL_TIMEx_BreakCallback)
    HAL_TIMEx_CommutCallback                 0x08004097   Thumb Code     2  stm32h7xx_hal_tim_ex.o(i.HAL_TIMEx_CommutCallback)
    HAL_TIMEx_ConfigBreakDeadTime            0x08004099   Thumb Code   150  stm32h7xx_hal_tim_ex.o(i.HAL_TIMEx_ConfigBreakDeadTime)
    HAL_TIMEx_MasterConfigSynchronization    0x08004139   Thumb Code   146  stm32h7xx_hal_tim_ex.o(i.HAL_TIMEx_MasterConfigSynchronization)
    HAL_TIM_Base_Init                        0x080041f1   Thumb Code    98  stm32h7xx_hal_tim.o(i.HAL_TIM_Base_Init)
    HAL_TIM_Base_MspInit                     0x08004255   Thumb Code    98  tim.o(i.HAL_TIM_Base_MspInit)
    HAL_TIM_Base_Start_IT                    0x080042c5   Thumb Code   118  stm32h7xx_hal_tim.o(i.HAL_TIM_Base_Start_IT)
    HAL_TIM_ConfigClockSource                0x08004365   Thumb Code   248  stm32h7xx_hal_tim.o(i.HAL_TIM_ConfigClockSource)
    HAL_TIM_Encoder_Init                     0x08004461   Thumb Code   182  stm32h7xx_hal_tim.o(i.HAL_TIM_Encoder_Init)
    HAL_TIM_Encoder_MspInit                  0x0800451d   Thumb Code   312  tim.o(i.HAL_TIM_Encoder_MspInit)
    HAL_TIM_Encoder_Start                    0x0800467d   Thumb Code   142  stm32h7xx_hal_tim.o(i.HAL_TIM_Encoder_Start)
    HAL_TIM_IC_CaptureCallback               0x0800470b   Thumb Code     2  stm32h7xx_hal_tim.o(i.HAL_TIM_IC_CaptureCallback)
    HAL_TIM_IRQHandler                       0x0800470d   Thumb Code   328  stm32h7xx_hal_tim.o(i.HAL_TIM_IRQHandler)
    HAL_TIM_MspPostInit                      0x08004855   Thumb Code   152  tim.o(i.HAL_TIM_MspPostInit)
    HAL_TIM_OC_DelayElapsedCallback          0x08004905   Thumb Code     2  stm32h7xx_hal_tim.o(i.HAL_TIM_OC_DelayElapsedCallback)
    HAL_TIM_PWM_ConfigChannel                0x08004907   Thumb Code   292  stm32h7xx_hal_tim.o(i.HAL_TIM_PWM_ConfigChannel)
    HAL_TIM_PWM_Init                         0x08004a2b   Thumb Code    98  stm32h7xx_hal_tim.o(i.HAL_TIM_PWM_Init)
    HAL_TIM_PWM_MspInit                      0x08004a8d   Thumb Code     2  stm32h7xx_hal_tim.o(i.HAL_TIM_PWM_MspInit)
    HAL_TIM_PWM_PulseFinishedCallback        0x08004a8f   Thumb Code     2  stm32h7xx_hal_tim.o(i.HAL_TIM_PWM_PulseFinishedCallback)
    HAL_TIM_PeriodElapsedCallback            0x08004a91   Thumb Code     2  stm32h7xx_hal_tim.o(i.HAL_TIM_PeriodElapsedCallback)
    HAL_TIM_TriggerCallback                  0x08004a93   Thumb Code     2  stm32h7xx_hal_tim.o(i.HAL_TIM_TriggerCallback)
    HAL_UARTEx_DisableFifoMode               0x08004a95   Thumb Code    64  stm32h7xx_hal_uart_ex.o(i.HAL_UARTEx_DisableFifoMode)
    HAL_UARTEx_RxEventCallback               0x08004ad5   Thumb Code     2  stm32h7xx_hal_uart.o(i.HAL_UARTEx_RxEventCallback)
    HAL_UARTEx_RxFifoFullCallback            0x08004ad7   Thumb Code     2  stm32h7xx_hal_uart_ex.o(i.HAL_UARTEx_RxFifoFullCallback)
    HAL_UARTEx_SetRxFifoThreshold            0x08004ad9   Thumb Code    76  stm32h7xx_hal_uart_ex.o(i.HAL_UARTEx_SetRxFifoThreshold)
    HAL_UARTEx_SetTxFifoThreshold            0x08004b25   Thumb Code    76  stm32h7xx_hal_uart_ex.o(i.HAL_UARTEx_SetTxFifoThreshold)
    HAL_UARTEx_TxFifoEmptyCallback           0x08004b71   Thumb Code     2  stm32h7xx_hal_uart_ex.o(i.HAL_UARTEx_TxFifoEmptyCallback)
    HAL_UARTEx_WakeupCallback                0x08004b73   Thumb Code     2  stm32h7xx_hal_uart_ex.o(i.HAL_UARTEx_WakeupCallback)
    HAL_UART_DMAStop                         0x08004b75   Thumb Code   146  stm32h7xx_hal_uart.o(i.HAL_UART_DMAStop)
    HAL_UART_ErrorCallback                   0x08004c07   Thumb Code     2  stm32h7xx_hal_uart.o(i.HAL_UART_ErrorCallback)
    HAL_UART_IRQHandler                      0x08004c09   Thumb Code   878  stm32h7xx_hal_uart.o(i.HAL_UART_IRQHandler)
    HAL_UART_Init                            0x08004f91   Thumb Code   106  stm32h7xx_hal_uart.o(i.HAL_UART_Init)
    HAL_UART_MspInit                         0x08004ffd   Thumb Code   900  usart.o(i.HAL_UART_MspInit)
    HAL_UART_Receive_DMA                     0x080053ad   Thumb Code    66  stm32h7xx_hal_uart.o(i.HAL_UART_Receive_DMA)
    HAL_UART_Receive_IT                      0x080053f5   Thumb Code    66  stm32h7xx_hal_uart.o(i.HAL_UART_Receive_IT)
    HAL_UART_RxCpltCallback                  0x0800543d   Thumb Code     2  stm32h7xx_hal_uart.o(i.HAL_UART_RxCpltCallback)
    HAL_UART_RxHalfCpltCallback              0x0800543f   Thumb Code     2  stm32h7xx_hal_uart.o(i.HAL_UART_RxHalfCpltCallback)
    HAL_UART_Transmit                        0x08005441   Thumb Code   176  stm32h7xx_hal_uart.o(i.HAL_UART_Transmit)
    HAL_UART_Transmit_DMA                    0x080054f1   Thumb Code   132  stm32h7xx_hal_uart.o(i.HAL_UART_Transmit_DMA)
    HAL_UART_TxCpltCallback                  0x08005581   Thumb Code     2  stm32h7xx_hal_uart.o(i.HAL_UART_TxCpltCallback)
    HAL_UART_TxHalfCpltCallback              0x08005583   Thumb Code     2  stm32h7xx_hal_uart.o(i.HAL_UART_TxHalfCpltCallback)
    HardFault_Handler                        0x08005585   Thumb Code     2  stm32h7xx_it.o(i.HardFault_Handler)
    LCD_Clear                                0x08005589   Thumb Code    78  spi.o(i.LCD_Clear)
    LCD_SPI_CloseTransfer                    0x080055e1   Thumb Code   188  spi.o(i.LCD_SPI_CloseTransfer)
    LCD_SPI_Transmit                         0x0800569d   Thumb Code   344  spi.o(i.LCD_SPI_Transmit)
    LCD_SPI_WaitOnFlagUntilTimeout           0x080057f5   Thumb Code    66  spi.o(i.LCD_SPI_WaitOnFlagUntilTimeout)
    LCD_SetAddress                           0x08005839   Thumb Code    78  spi.o(i.LCD_SetAddress)
    LCD_SetBackColor                         0x0800588d   Thumb Code    30  spi.o(i.LCD_SetBackColor)
    LCD_SetColor                             0x080058b1   Thumb Code    30  spi.o(i.LCD_SetColor)
    LCD_SetDirection                         0x080058d5   Thumb Code   106  spi.o(i.LCD_SetDirection)
    LCD_WriteCommand                         0x08005945   Thumb Code    30  spi.o(i.LCD_WriteCommand)
    LCD_WriteData_16bit                      0x0800596d   Thumb Code    40  spi.o(i.LCD_WriteData_16bit)
    LCD_WriteData_8bit                       0x0800599d   Thumb Code    28  spi.o(i.LCD_WriteData_8bit)
    MX_DMA_Init                              0x080059c1   Thumb Code   152  dma.o(i.MX_DMA_Init)
    MX_GPIO_Init                             0x08005a5d   Thumb Code   226  gpio.o(i.MX_GPIO_Init)
    MX_I2C1_Init                             0x08005b4d   Thumb Code    76  i2c.o(i.MX_I2C1_Init)
    MX_SPI6_Init                             0x08005ba5   Thumb Code    82  spi.o(i.MX_SPI6_Init)
    MX_TIM1_Init                             0x08005c01   Thumb Code   250  tim.o(i.MX_TIM1_Init)
    MX_TIM23_Init                            0x08005d05   Thumb Code   100  tim.o(i.MX_TIM23_Init)
    MX_TIM2_Init                             0x08005d71   Thumb Code   100  tim.o(i.MX_TIM2_Init)
    MX_TIM3_Init                             0x08005dd9   Thumb Code   100  tim.o(i.MX_TIM3_Init)
    MX_TIM4_Init                             0x08005e45   Thumb Code   100  tim.o(i.MX_TIM4_Init)
    MX_TIM5_Init                             0x08005eb1   Thumb Code   100  tim.o(i.MX_TIM5_Init)
    MX_TIM8_Init                             0x08005f1d   Thumb Code   218  tim.o(i.MX_TIM8_Init)
    MX_UART4_Init                            0x08006001   Thumb Code    94  usart.o(i.MX_UART4_Init)
    MX_USART1_UART_Init                      0x08006069   Thumb Code    94  usart.o(i.MX_USART1_UART_Init)
    MX_USART2_UART_Init                      0x080060d1   Thumb Code    94  usart.o(i.MX_USART2_UART_Init)
    MX_USART3_UART_Init                      0x08006139   Thumb Code    94  usart.o(i.MX_USART3_UART_Init)
    MemManage_Handler                        0x080061a1   Thumb Code     2  stm32h7xx_it.o(i.MemManage_Handler)
    NMI_Handler                              0x080061a3   Thumb Code     2  stm32h7xx_it.o(i.NMI_Handler)
    PendSV_Handler                           0x080061a5   Thumb Code     2  stm32h7xx_it.o(i.PendSV_Handler)
    SPI_LCD_Init                             0x080064a5   Thumb Code   428  spi.o(i.SPI_LCD_Init)
    SVC_Handler                              0x080066a7   Thumb Code     2  stm32h7xx_it.o(i.SVC_Handler)
    SysTick_Handler                          0x080066a9   Thumb Code     4  stm32h7xx_it.o(i.SysTick_Handler)
    SystemClock_Config                       0x080066ad   Thumb Code   146  main.o(i.SystemClock_Config)
    SystemInit                               0x08006745   Thumb Code   158  system_stm32h7xx.o(i.SystemInit)
    TIM2_IRQHandler                          0x08006805   Thumb Code     6  stm32h7xx_it.o(i.TIM2_IRQHandler)
    TIM_Base_SetConfig                       0x08006811   Thumb Code   188  stm32h7xx_hal_tim.o(i.TIM_Base_SetConfig)
    TIM_CCxChannelCmd                        0x080068f5   Thumb Code    26  stm32h7xx_hal_tim.o(i.TIM_CCxChannelCmd)
    TIM_ETR_SetConfig                        0x0800690f   Thumb Code    18  stm32h7xx_hal_tim.o(i.TIM_ETR_SetConfig)
    TIM_Init                                 0x08006935   Thumb Code    28  control.o(i.TIM_Init)
    TIM_OC2_SetConfig                        0x08006a01   Thumb Code   126  stm32h7xx_hal_tim.o(i.TIM_OC2_SetConfig)
    UART4_IRQHandler                         0x08006cd9   Thumb Code     6  stm32h7xx_it.o(i.UART4_IRQHandler)
    UART_AdvFeatureConfig                    0x08006d29   Thumb Code   200  stm32h7xx_hal_uart.o(i.UART_AdvFeatureConfig)
    UART_CheckIdleState                      0x08006df1   Thumb Code   170  stm32h7xx_hal_uart.o(i.UART_CheckIdleState)
    UART_SetConfig                           0x0800753d   Thumb Code   914  stm32h7xx_hal_uart.o(i.UART_SetConfig)
    UART_Start_Receive_DMA                   0x08007919   Thumb Code   156  stm32h7xx_hal_uart.o(i.UART_Start_Receive_DMA)
    UART_Start_Receive_IT                    0x080079c1   Thumb Code   256  stm32h7xx_hal_uart.o(i.UART_Start_Receive_IT)
    UART_WaitOnFlagUntilTimeout              0x08007ad1   Thumb Code   148  stm32h7xx_hal_uart.o(i.UART_WaitOnFlagUntilTimeout)
    USART1_IRQHandler                        0x08007b65   Thumb Code   180  stm32h7xx_it.o(i.USART1_IRQHandler)
    USART2_IRQHandler                        0x08007c31   Thumb Code     6  stm32h7xx_it.o(i.USART2_IRQHandler)
    USART3_IRQHandler                        0x08007c3d   Thumb Code     6  stm32h7xx_it.o(i.USART3_IRQHandler)
    USART_Init                               0x08007c49   Thumb Code    54  usart_1.o(i.USART_Init)
    UsageFault_Handler                       0x08007ca5   Thumb Code     2  stm32h7xx_it.o(i.UsageFault_Handler)
    __0printf                                0x08007ca9   Thumb Code    22  printfa.o(i.__0printf)
    __1printf                                0x08007ca9   Thumb Code     0  printfa.o(i.__0printf)
    __2printf                                0x08007ca9   Thumb Code     0  printfa.o(i.__0printf)
    __c89printf                              0x08007ca9   Thumb Code     0  printfa.o(i.__0printf)
    printf                                   0x08007ca9   Thumb Code     0  printfa.o(i.__0printf)
    __scatterload_copy                       0x08007ceb   Thumb Code    14  handlers.o(i.__scatterload_copy)
    __scatterload_null                       0x08007cf9   Thumb Code     2  handlers.o(i.__scatterload_null)
    __scatterload_zeroinit                   0x08007cfb   Thumb Code    14  handlers.o(i.__scatterload_zeroinit)
    fputc                                    0x0800859d   Thumb Code    26  usart_1.o(i.fputc)
    main                                     0x080085bd   Thumb Code   158  main.o(i.main)
    UARTPrescTable                           0x08008662   Data          24  stm32h7xx_hal_uart.o(.constdata)
    D1CorePrescTable                         0x0800868a   Data          16  system_stm32h7xx.o(.constdata)
    ASCII_2412_Table                         0x0800869a   Data        4560  lcd_fonts.o(.constdata)
    Region$$Table$$Base                      0x0800986c   Number         0  anon$$obj.o(Region$$Table)
    Region$$Table$$Limit                     0x080098ac   Number         0  anon$$obj.o(Region$$Table)
    _RoateValue                              0x20000010   Data          16  spi.o(.data)
    uwTickFreq                               0x20000020   Data           1  stm32h7xx_hal.o(.data)
    uwTickPrio                               0x20000024   Data           4  stm32h7xx_hal.o(.data)
    uwTick                                   0x20000028   Data           4  stm32h7xx_hal.o(.data)
    SystemCoreClock                          0x2000002c   Data           4  system_stm32h7xx.o(.data)
    SystemD2Clock                            0x20000030   Data           4  system_stm32h7xx.o(.data)
    ASCII_Font24                             0x20000034   Data          12  lcd_fonts.o(.data)
    hspi6                                    0x20000040   Data         136  spi.o(.bss)
    LCD_Buff                                 0x200000c8   Data        2048  spi.o(.bss)
    LCD                                      0x200008c8   Data          16  spi.o(.bss)
    htim1                                    0x200008d8   Data          76  tim.o(.bss)
    htim2                                    0x20000924   Data          76  tim.o(.bss)
    htim3                                    0x20000970   Data          76  tim.o(.bss)
    htim4                                    0x200009bc   Data          76  tim.o(.bss)
    htim5                                    0x20000a08   Data          76  tim.o(.bss)
    htim8                                    0x20000a54   Data          76  tim.o(.bss)
    htim23                                   0x20000aa0   Data          76  tim.o(.bss)
    rx_len                                   0x24000000   Data           1  main.o(.data)
    rx_buffer_uart2                          0x24000001   Data           1  main.o(.data)
    rx_buffer_uart3                          0x24000002   Data           1  main.o(.data)
    __stdout                                 0x24000004   Data           4  stdout.o(.data)
    rx_buffer                                0x24000008   Data         128  main.o(.bss)
    hi2c1                                    0x24000088   Data          84  i2c.o(.bss)
    huart4                                   0x240000dc   Data         148  usart.o(.bss)
    huart1                                   0x24000170   Data         148  usart.o(.bss)
    huart2                                   0x24000204   Data         148  usart.o(.bss)
    huart3                                   0x24000298   Data         148  usart.o(.bss)
    hdma_uart4_rx                            0x2400032c   Data         120  usart.o(.bss)
    hdma_uart4_tx                            0x240003a4   Data         120  usart.o(.bss)
    hdma_usart1_rx                           0x2400041c   Data         120  usart.o(.bss)
    hdma_usart1_tx                           0x24000494   Data         120  usart.o(.bss)
    hdma_usart2_rx                           0x2400050c   Data         120  usart.o(.bss)
    hdma_usart2_tx                           0x24000584   Data         120  usart.o(.bss)
    hdma_usart3_rx                           0x240005fc   Data         120  usart.o(.bss)
    hdma_usart3_tx                           0x24000674   Data         120  usart.o(.bss)
    __initial_sp                             0x24000af0   Data           0  startup_stm32h723xx.o(STACK)



==============================================================================

Memory Map of the image

  Image Entry point : 0x080002cd

  Load Region LR_IROM1 (Base: 0x08000000, Size: 0x000098f4, Max: 0x00100000, ABSOLUTE)

    Execution Region ER_IROM1 (Base: 0x08000000, Size: 0x000098ac, Max: 0x00100000, ABSOLUTE)

    Base Addr    Size         Type   Attr      Idx    E Section Name        Object

    0x08000000   0x000002cc   Data   RO            3    RESET               startup_stm32h723xx.o
    0x080002cc   0x00000000   Code   RO         5859  * .ARM.Collect$$$$00000000  mc_w.l(entry.o)
    0x080002cc   0x00000004   Code   RO         6176    .ARM.Collect$$$$00000001  mc_w.l(entry2.o)
    0x080002d0   0x00000004   Code   RO         6179    .ARM.Collect$$$$00000004  mc_w.l(entry5.o)
    0x080002d4   0x00000000   Code   RO         6181    .ARM.Collect$$$$00000008  mc_w.l(entry7b.o)
    0x080002d4   0x00000000   Code   RO         6183    .ARM.Collect$$$$0000000A  mc_w.l(entry8b.o)
    0x080002d4   0x00000008   Code   RO         6184    .ARM.Collect$$$$0000000B  mc_w.l(entry9a.o)
    0x080002dc   0x00000000   Code   RO         6186    .ARM.Collect$$$$0000000D  mc_w.l(entry10a.o)
    0x080002dc   0x00000000   Code   RO         6188    .ARM.Collect$$$$0000000F  mc_w.l(entry11a.o)
    0x080002dc   0x00000004   Code   RO         6177    .ARM.Collect$$$$00002712  mc_w.l(entry2.o)
    0x080002e0   0x00000024   Code   RO            4    .text               startup_stm32h723xx.o
    0x08000304   0x00000062   Code   RO         5862    .text               mc_w.l(uldiv.o)
    0x08000366   0x00000024   Code   RO         5864    .text               mc_w.l(memseta.o)
    0x0800038a   0x0000002c   Code   RO         6191    .text               mc_w.l(uidiv.o)
    0x080003b6   0x0000001e   Code   RO         6193    .text               mc_w.l(llshl.o)
    0x080003d4   0x00000020   Code   RO         6195    .text               mc_w.l(llushr.o)
    0x080003f4   0x00000000   Code   RO         6204    .text               mc_w.l(iusefp.o)
    0x080003f4   0x0000014e   Code   RO         6205    .text               mf_w.l(dadd.o)
    0x08000542   0x000000e4   Code   RO         6207    .text               mf_w.l(dmul.o)
    0x08000626   0x000000de   Code   RO         6209    .text               mf_w.l(ddiv.o)
    0x08000704   0x00000030   Code   RO         6211    .text               mf_w.l(dfixul.o)
    0x08000734   0x00000030   Code   RO         6213    .text               mf_w.l(cdrcmple.o)
    0x08000764   0x00000024   Code   RO         6219    .text               mc_w.l(init.o)
    0x08000788   0x00000024   Code   RO         6221    .text               mc_w.l(llsshr.o)
    0x080007ac   0x000000ba   Code   RO         6223    .text               mf_w.l(depilogue.o)
    0x08000866   0x00000002   Code   RO          853    i.BusFault_Handler  stm32h7xx_it.o
    0x08000868   0x0000000c   Code   RO          854    i.DMA1_Stream0_IRQHandler  stm32h7xx_it.o
    0x08000874   0x0000000c   Code   RO          855    i.DMA1_Stream1_IRQHandler  stm32h7xx_it.o
    0x08000880   0x0000000c   Code   RO          856    i.DMA1_Stream2_IRQHandler  stm32h7xx_it.o
    0x0800088c   0x0000000c   Code   RO          857    i.DMA1_Stream3_IRQHandler  stm32h7xx_it.o
    0x08000898   0x0000000c   Code   RO          858    i.DMA1_Stream4_IRQHandler  stm32h7xx_it.o
    0x080008a4   0x0000000c   Code   RO          859    i.DMA1_Stream5_IRQHandler  stm32h7xx_it.o
    0x080008b0   0x0000000c   Code   RO          860    i.DMA1_Stream6_IRQHandler  stm32h7xx_it.o
    0x080008bc   0x0000000c   Code   RO          861    i.DMA1_Stream7_IRQHandler  stm32h7xx_it.o
    0x080008c8   0x000000b4   Code   RO         1804    i.DMA_CalcBaseAndBitshift  stm32h7xx_hal_dma.o
    0x0800097c   0x0000009c   Code   RO         1805    i.DMA_CalcDMAMUXChannelBaseAndMask  stm32h7xx_hal_dma.o
    0x08000a18   0x00000074   Code   RO         1806    i.DMA_CalcDMAMUXRequestGenBaseAndMask  stm32h7xx_hal_dma.o
    0x08000a8c   0x00000054   Code   RO         1807    i.DMA_CheckFifoParam  stm32h7xx_hal_dma.o
    0x08000ae0   0x00000220   Code   RO         1808    i.DMA_SetConfig     stm32h7xx_hal_dma.o
    0x08000d00   0x00000002   Code   RO          862    i.DebugMon_Handler  stm32h7xx_it.o
    0x08000d02   0x00000004   Code   RO           13    i.Error_Handler     main.o
    0x08000d06   0x00000002   PAD
    0x08000d08   0x00000360   Code   RO         1809    i.HAL_DMA_Abort     stm32h7xx_hal_dma.o
    0x08001068   0x00000284   Code   RO         1810    i.HAL_DMA_Abort_IT  stm32h7xx_hal_dma.o
    0x080012ec   0x00000004   Code   RO         1812    i.HAL_DMA_GetError  stm32h7xx_hal_dma.o
    0x080012f0   0x000006e8   Code   RO         1814    i.HAL_DMA_IRQHandler  stm32h7xx_hal_dma.o
    0x080019d8   0x000003bc   Code   RO         1815    i.HAL_DMA_Init      stm32h7xx_hal_dma.o
    0x08001d94   0x0000029c   Code   RO         1819    i.HAL_DMA_Start_IT  stm32h7xx_hal_dma.o
    0x08002030   0x00000024   Code   RO         2506    i.HAL_Delay         stm32h7xx_hal.o
    0x08002054   0x0000021c   Code   RO         1657    i.HAL_GPIO_Init     stm32h7xx_hal_gpio.o
    0x08002270   0x0000000a   Code   RO         1661    i.HAL_GPIO_WritePin  stm32h7xx_hal_gpio.o
    0x0800227a   0x00000002   PAD
    0x0800227c   0x0000000c   Code   RO         2522    i.HAL_GetTick       stm32h7xx_hal.o
    0x08002288   0x00000058   Code   RO         3319    i.HAL_I2CEx_ConfigAnalogFilter  stm32h7xx_hal_i2c_ex.o
    0x080022e0   0x00000054   Code   RO         3320    i.HAL_I2CEx_ConfigDigitalFilter  stm32h7xx_hal_i2c_ex.o
    0x08002334   0x000000c0   Code   RO         2858    i.HAL_I2C_Init      stm32h7xx_hal_i2c.o
    0x080023f4   0x00000088   Code   RO          289    i.HAL_I2C_MspInit   i2c.o
    0x0800247c   0x00000010   Code   RO         2528    i.HAL_IncTick       stm32h7xx_hal.o
    0x0800248c   0x0000005c   Code   RO         2529    i.HAL_Init          stm32h7xx_hal.o
    0x080024e8   0x00000040   Code   RO         2530    i.HAL_InitTick      stm32h7xx_hal.o
    0x08002528   0x0000005c   Code   RO         1032    i.HAL_MPU_ConfigRegion  stm32h7xx_hal_cortex.o
    0x08002584   0x0000001c   Code   RO         1033    i.HAL_MPU_Disable   stm32h7xx_hal_cortex.o
    0x080025a0   0x00000024   Code   RO         1035    i.HAL_MPU_Enable    stm32h7xx_hal_cortex.o
    0x080025c4   0x0000001c   Code   RO         1007    i.HAL_MspInit       stm32h7xx_hal_msp.o
    0x080025e0   0x0000001a   Code   RO         1039    i.HAL_NVIC_EnableIRQ  stm32h7xx_hal_cortex.o
    0x080025fa   0x00000002   PAD
    0x080025fc   0x00000040   Code   RO         1045    i.HAL_NVIC_SetPriority  stm32h7xx_hal_cortex.o
    0x0800263c   0x00000024   Code   RO         1046    i.HAL_NVIC_SetPriorityGrouping  stm32h7xx_hal_cortex.o
    0x08002660   0x00000054   Code   RO         2258    i.HAL_PWREx_ConfigSupply  stm32h7xx_hal_pwr_ex.o
    0x080026b4   0x00000024   Code   RO         1300    i.HAL_RCCEx_GetD3PCLK1Freq  stm32h7xx_hal_rcc_ex.o
    0x080026d8   0x00000144   Code   RO         1302    i.HAL_RCCEx_GetPLL2ClockFreq  stm32h7xx_hal_rcc_ex.o
    0x0800281c   0x00000144   Code   RO         1303    i.HAL_RCCEx_GetPLL3ClockFreq  stm32h7xx_hal_rcc_ex.o
    0x08002960   0x0000093a   Code   RO         1309    i.HAL_RCCEx_PeriphCLKConfig  stm32h7xx_hal_rcc_ex.o
    0x0800329a   0x00000002   PAD
    0x0800329c   0x0000025c   Code   RO         1185    i.HAL_RCC_ClockConfig  stm32h7xx_hal_rcc.o
    0x080034f8   0x00000044   Code   RO         1190    i.HAL_RCC_GetHCLKFreq  stm32h7xx_hal_rcc.o
    0x0800353c   0x00000024   Code   RO         1192    i.HAL_RCC_GetPCLK1Freq  stm32h7xx_hal_rcc.o
    0x08003560   0x00000024   Code   RO         1193    i.HAL_RCC_GetPCLK2Freq  stm32h7xx_hal_rcc.o
    0x08003584   0x00000138   Code   RO         1194    i.HAL_RCC_GetSysClockFreq  stm32h7xx_hal_rcc.o
    0x080036bc   0x00000526   Code   RO         1197    i.HAL_RCC_OscConfig  stm32h7xx_hal_rcc.o
    0x08003be2   0x00000002   PAD
    0x08003be4   0x0000017c   Code   RO         3456    i.HAL_SPI_Init      stm32h7xx_hal_spi.o
    0x08003d60   0x000000d4   Code   RO          359    i.HAL_SPI_MspInit   spi.o
    0x08003e34   0x00000238   Code   RO         3465    i.HAL_SPI_Transmit  stm32h7xx_hal_spi.o
    0x0800406c   0x00000026   Code   RO         1050    i.HAL_SYSTICK_Config  stm32h7xx_hal_cortex.o
    0x08004092   0x00000002   Code   RO         4490    i.HAL_TIMEx_Break2Callback  stm32h7xx_hal_tim_ex.o
    0x08004094   0x00000002   Code   RO         4491    i.HAL_TIMEx_BreakCallback  stm32h7xx_hal_tim_ex.o
    0x08004096   0x00000002   Code   RO         4492    i.HAL_TIMEx_CommutCallback  stm32h7xx_hal_tim_ex.o
    0x08004098   0x000000a0   Code   RO         4494    i.HAL_TIMEx_ConfigBreakDeadTime  stm32h7xx_hal_tim_ex.o
    0x08004138   0x000000b8   Code   RO         4513    i.HAL_TIMEx_MasterConfigSynchronization  stm32h7xx_hal_tim_ex.o
    0x080041f0   0x00000062   Code   RO         3776    i.HAL_TIM_Base_Init  stm32h7xx_hal_tim.o
    0x08004252   0x00000002   PAD
    0x08004254   0x00000070   Code   RO          698    i.HAL_TIM_Base_MspInit  tim.o
    0x080042c4   0x000000a0   Code   RO         3781    i.HAL_TIM_Base_Start_IT  stm32h7xx_hal_tim.o
    0x08004364   0x000000fc   Code   RO         3785    i.HAL_TIM_ConfigClockSource  stm32h7xx_hal_tim.o
    0x08004460   0x000000bc   Code   RO         3797    i.HAL_TIM_Encoder_Init  stm32h7xx_hal_tim.o
    0x0800451c   0x00000160   Code   RO          700    i.HAL_TIM_Encoder_MspInit  tim.o
    0x0800467c   0x0000008e   Code   RO         3800    i.HAL_TIM_Encoder_Start  stm32h7xx_hal_tim.o
    0x0800470a   0x00000002   Code   RO         3810    i.HAL_TIM_IC_CaptureCallback  stm32h7xx_hal_tim.o
    0x0800470c   0x00000148   Code   RO         3824    i.HAL_TIM_IRQHandler  stm32h7xx_hal_tim.o
    0x08004854   0x000000b0   Code   RO          701    i.HAL_TIM_MspPostInit  tim.o
    0x08004904   0x00000002   Code   RO         3827    i.HAL_TIM_OC_DelayElapsedCallback  stm32h7xx_hal_tim.o
    0x08004906   0x00000124   Code   RO         3848    i.HAL_TIM_PWM_ConfigChannel  stm32h7xx_hal_tim.o
    0x08004a2a   0x00000062   Code   RO         3851    i.HAL_TIM_PWM_Init  stm32h7xx_hal_tim.o
    0x08004a8c   0x00000002   Code   RO         3853    i.HAL_TIM_PWM_MspInit  stm32h7xx_hal_tim.o
    0x08004a8e   0x00000002   Code   RO         3854    i.HAL_TIM_PWM_PulseFinishedCallback  stm32h7xx_hal_tim.o
    0x08004a90   0x00000002   Code   RO         3862    i.HAL_TIM_PeriodElapsedCallback  stm32h7xx_hal_tim.o
    0x08004a92   0x00000002   Code   RO         3867    i.HAL_TIM_TriggerCallback  stm32h7xx_hal_tim.o
    0x08004a94   0x00000040   Code   RO         5213    i.HAL_UARTEx_DisableFifoMode  stm32h7xx_hal_uart_ex.o
    0x08004ad4   0x00000002   Code   RO         4802    i.HAL_UARTEx_RxEventCallback  stm32h7xx_hal_uart.o
    0x08004ad6   0x00000002   Code   RO         5221    i.HAL_UARTEx_RxFifoFullCallback  stm32h7xx_hal_uart_ex.o
    0x08004ad8   0x0000004c   Code   RO         5222    i.HAL_UARTEx_SetRxFifoThreshold  stm32h7xx_hal_uart_ex.o
    0x08004b24   0x0000004c   Code   RO         5223    i.HAL_UARTEx_SetTxFifoThreshold  stm32h7xx_hal_uart_ex.o
    0x08004b70   0x00000002   Code   RO         5225    i.HAL_UARTEx_TxFifoEmptyCallback  stm32h7xx_hal_uart_ex.o
    0x08004b72   0x00000002   Code   RO         5226    i.HAL_UARTEx_WakeupCallback  stm32h7xx_hal_uart_ex.o
    0x08004b74   0x00000092   Code   RO         4814    i.HAL_UART_DMAStop  stm32h7xx_hal_uart.o
    0x08004c06   0x00000002   Code   RO         4818    i.HAL_UART_ErrorCallback  stm32h7xx_hal_uart.o
    0x08004c08   0x00000388   Code   RO         4821    i.HAL_UART_IRQHandler  stm32h7xx_hal_uart.o
    0x08004f90   0x0000006a   Code   RO         4822    i.HAL_UART_Init     stm32h7xx_hal_uart.o
    0x08004ffa   0x00000002   PAD
    0x08004ffc   0x000003b0   Code   RO          794    i.HAL_UART_MspInit  usart.o
    0x080053ac   0x00000048   Code   RO         4826    i.HAL_UART_Receive_DMA  stm32h7xx_hal_uart.o
    0x080053f4   0x00000048   Code   RO         4827    i.HAL_UART_Receive_IT  stm32h7xx_hal_uart.o
    0x0800543c   0x00000002   Code   RO         4829    i.HAL_UART_RxCpltCallback  stm32h7xx_hal_uart.o
    0x0800543e   0x00000002   Code   RO         4830    i.HAL_UART_RxHalfCpltCallback  stm32h7xx_hal_uart.o
    0x08005440   0x000000b0   Code   RO         4831    i.HAL_UART_Transmit  stm32h7xx_hal_uart.o
    0x080054f0   0x00000090   Code   RO         4832    i.HAL_UART_Transmit_DMA  stm32h7xx_hal_uart.o
    0x08005580   0x00000002   Code   RO         4834    i.HAL_UART_TxCpltCallback  stm32h7xx_hal_uart.o
    0x08005582   0x00000002   Code   RO         4835    i.HAL_UART_TxHalfCpltCallback  stm32h7xx_hal_uart.o
    0x08005584   0x00000002   Code   RO          863    i.HardFault_Handler  stm32h7xx_it.o
    0x08005586   0x00000002   PAD
    0x08005588   0x00000058   Code   RO          360    i.LCD_Clear         spi.o
    0x080055e0   0x000000bc   Code   RO          379    i.LCD_SPI_CloseTransfer  spi.o
    0x0800569c   0x00000158   Code   RO          380    i.LCD_SPI_Transmit  spi.o
    0x080057f4   0x00000042   Code   RO          382    i.LCD_SPI_WaitOnFlagUntilTimeout  spi.o
    0x08005836   0x00000002   PAD
    0x08005838   0x00000054   Code   RO          383    i.LCD_SetAddress    spi.o
    0x0800588c   0x00000024   Code   RO          385    i.LCD_SetBackColor  spi.o
    0x080058b0   0x00000024   Code   RO          386    i.LCD_SetColor      spi.o
    0x080058d4   0x00000070   Code   RO          387    i.LCD_SetDirection  spi.o
    0x08005944   0x00000028   Code   RO          391    i.LCD_WriteCommand  spi.o
    0x0800596c   0x00000030   Code   RO          392    i.LCD_WriteData_16bit  spi.o
    0x0800599c   0x00000024   Code   RO          393    i.LCD_WriteData_8bit  spi.o
    0x080059c0   0x0000009c   Code   RO          264    i.MX_DMA_Init       dma.o
    0x08005a5c   0x000000f0   Code   RO          240    i.MX_GPIO_Init      gpio.o
    0x08005b4c   0x00000058   Code   RO          290    i.MX_I2C1_Init      i2c.o
    0x08005ba4   0x0000005c   Code   RO          395    i.MX_SPI6_Init      spi.o
    0x08005c00   0x00000104   Code   RO          702    i.MX_TIM1_Init      tim.o
    0x08005d04   0x0000006c   Code   RO          703    i.MX_TIM23_Init     tim.o
    0x08005d70   0x00000068   Code   RO          704    i.MX_TIM2_Init      tim.o
    0x08005dd8   0x0000006c   Code   RO          705    i.MX_TIM3_Init      tim.o
    0x08005e44   0x0000006c   Code   RO          706    i.MX_TIM4_Init      tim.o
    0x08005eb0   0x0000006c   Code   RO          707    i.MX_TIM5_Init      tim.o
    0x08005f1c   0x000000e4   Code   RO          708    i.MX_TIM8_Init      tim.o
    0x08006000   0x00000068   Code   RO          795    i.MX_UART4_Init     usart.o
    0x08006068   0x00000068   Code   RO          796    i.MX_USART1_UART_Init  usart.o
    0x080060d0   0x00000068   Code   RO          797    i.MX_USART2_UART_Init  usart.o
    0x08006138   0x00000068   Code   RO          798    i.MX_USART3_UART_Init  usart.o
    0x080061a0   0x00000002   Code   RO          864    i.MemManage_Handler  stm32h7xx_it.o
    0x080061a2   0x00000002   Code   RO          865    i.NMI_Handler       stm32h7xx_it.o
    0x080061a4   0x00000002   Code   RO          866    i.PendSV_Handler    stm32h7xx_it.o
    0x080061a6   0x00000002   PAD
    0x080061a8   0x00000120   Code   RO         1312    i.RCCEx_PLL2_Config  stm32h7xx_hal_rcc_ex.o
    0x080062c8   0x00000120   Code   RO         1313    i.RCCEx_PLL3_Config  stm32h7xx_hal_rcc_ex.o
    0x080063e8   0x000000bc   Code   RO         3476    i.SPI_CloseTransfer  stm32h7xx_hal_spi.o
    0x080064a4   0x000001bc   Code   RO          398    i.SPI_LCD_Init      spi.o
    0x08006660   0x00000046   Code   RO         3493    i.SPI_WaitOnFlagUntilTimeout  stm32h7xx_hal_spi.o
    0x080066a6   0x00000002   Code   RO          867    i.SVC_Handler       stm32h7xx_it.o
    0x080066a8   0x00000004   Code   RO          868    i.SysTick_Handler   stm32h7xx_it.o
    0x080066ac   0x00000098   Code   RO           14    i.SystemClock_Config  main.o
    0x08006744   0x000000c0   Code   RO         5332    i.SystemInit        system_stm32h7xx.o
    0x08006804   0x0000000c   Code   RO          869    i.TIM2_IRQHandler   stm32h7xx_it.o
    0x08006810   0x000000e4   Code   RO         3869    i.TIM_Base_SetConfig  stm32h7xx_hal_tim.o
    0x080068f4   0x0000001a   Code   RO         3870    i.TIM_CCxChannelCmd  stm32h7xx_hal_tim.o
    0x0800690e   0x00000012   Code   RO         3880    i.TIM_ETR_SetConfig  stm32h7xx_hal_tim.o
    0x08006920   0x00000014   Code   RO         3881    i.TIM_ITRx_SetConfig  stm32h7xx_hal_tim.o
    0x08006934   0x00000028   Code   RO         5704    i.TIM_Init          control.o
    0x0800695c   0x000000a4   Code   RO         3882    i.TIM_OC1_SetConfig  stm32h7xx_hal_tim.o
    0x08006a00   0x00000098   Code   RO         3883    i.TIM_OC2_SetConfig  stm32h7xx_hal_tim.o
    0x08006a98   0x00000098   Code   RO         3884    i.TIM_OC3_SetConfig  stm32h7xx_hal_tim.o
    0x08006b30   0x00000078   Code   RO         3885    i.TIM_OC4_SetConfig  stm32h7xx_hal_tim.o
    0x08006ba8   0x00000074   Code   RO         3886    i.TIM_OC5_SetConfig  stm32h7xx_hal_tim.o
    0x08006c1c   0x00000074   Code   RO         3887    i.TIM_OC6_SetConfig  stm32h7xx_hal_tim.o
    0x08006c90   0x00000022   Code   RO         3889    i.TIM_TI1_ConfigInputStage  stm32h7xx_hal_tim.o
    0x08006cb2   0x00000024   Code   RO         3891    i.TIM_TI2_ConfigInputStage  stm32h7xx_hal_tim.o
    0x08006cd6   0x00000002   PAD
    0x08006cd8   0x0000000c   Code   RO          870    i.UART4_IRQHandler  stm32h7xx_it.o
    0x08006ce4   0x00000044   Code   RO         5227    i.UARTEx_SetNbDataToProcess  stm32h7xx_hal_uart_ex.o
    0x08006d28   0x000000c8   Code   RO         4836    i.UART_AdvFeatureConfig  stm32h7xx_hal_uart.o
    0x08006df0   0x000000aa   Code   RO         4837    i.UART_CheckIdleState  stm32h7xx_hal_uart.o
    0x08006e9a   0x00000014   Code   RO         4838    i.UART_DMAAbortOnError  stm32h7xx_hal_uart.o
    0x08006eae   0x0000004e   Code   RO         4839    i.UART_DMAError     stm32h7xx_hal_uart.o
    0x08006efc   0x00000082   Code   RO         4840    i.UART_DMAReceiveCplt  stm32h7xx_hal_uart.o
    0x08006f7e   0x00000020   Code   RO         4842    i.UART_DMARxHalfCplt  stm32h7xx_hal_uart.o
    0x08006f9e   0x00000040   Code   RO         4844    i.UART_DMATransmitCplt  stm32h7xx_hal_uart.o
    0x08006fde   0x0000000a   Code   RO         4846    i.UART_DMATxHalfCplt  stm32h7xx_hal_uart.o
    0x08006fe8   0x00000054   Code   RO         4848    i.UART_EndRxTransfer  stm32h7xx_hal_uart.o
    0x0800703c   0x0000002e   Code   RO         4849    i.UART_EndTxTransfer  stm32h7xx_hal_uart.o
    0x0800706a   0x00000002   PAD
    0x0800706c   0x000000c8   Code   RO         4850    i.UART_RxISR_16BIT  stm32h7xx_hal_uart.o
    0x08007134   0x000001a0   Code   RO         4851    i.UART_RxISR_16BIT_FIFOEN  stm32h7xx_hal_uart.o
    0x080072d4   0x000000c8   Code   RO         4852    i.UART_RxISR_8BIT   stm32h7xx_hal_uart.o
    0x0800739c   0x000001a0   Code   RO         4853    i.UART_RxISR_8BIT_FIFOEN  stm32h7xx_hal_uart.o
    0x0800753c   0x000003dc   Code   RO         4854    i.UART_SetConfig    stm32h7xx_hal_uart.o
    0x08007918   0x000000a8   Code   RO         4855    i.UART_Start_Receive_DMA  stm32h7xx_hal_uart.o
    0x080079c0   0x00000110   Code   RO         4856    i.UART_Start_Receive_IT  stm32h7xx_hal_uart.o
    0x08007ad0   0x00000094   Code   RO         4861    i.UART_WaitOnFlagUntilTimeout  stm32h7xx_hal_uart.o
    0x08007b64   0x000000cc   Code   RO          871    i.USART1_IRQHandler  stm32h7xx_it.o
    0x08007c30   0x0000000c   Code   RO          872    i.USART2_IRQHandler  stm32h7xx_it.o
    0x08007c3c   0x0000000c   Code   RO          873    i.USART3_IRQHandler  stm32h7xx_it.o
    0x08007c48   0x0000005c   Code   RO         5791    i.USART_Init        usart_1.o
    0x08007ca4   0x00000002   Code   RO          874    i.UsageFault_Handler  stm32h7xx_it.o
    0x08007ca6   0x00000002   PAD
    0x08007ca8   0x00000020   Code   RO         6099    i.__0printf         mc_w.l(printfa.o)
    0x08007cc8   0x00000022   Code   RO         1052    i.__NVIC_SetPriority  stm32h7xx_hal_cortex.o
    0x08007cea   0x0000000e   Code   RO         6227    i.__scatterload_copy  mc_w.l(handlers.o)
    0x08007cf8   0x00000002   Code   RO         6228    i.__scatterload_null  mc_w.l(handlers.o)
    0x08007cfa   0x0000000e   Code   RO         6229    i.__scatterload_zeroinit  mc_w.l(handlers.o)
    0x08007d08   0x00000164   Code   RO         6106    i._fp_digits        mc_w.l(printfa.o)
    0x08007e6c   0x000006dc   Code   RO         6107    i._printf_core      mc_w.l(printfa.o)
    0x08008548   0x00000024   Code   RO         6108    i._printf_post_padding  mc_w.l(printfa.o)
    0x0800856c   0x0000002e   Code   RO         6109    i._printf_pre_padding  mc_w.l(printfa.o)
    0x0800859a   0x00000002   PAD
    0x0800859c   0x00000020   Code   RO         5792    i.fputc             usart_1.o
    0x080085bc   0x0000009e   Code   RO           15    i.main              main.o
    0x0800865a   0x00000008   Data   RO         1821    .constdata          stm32h7xx_hal_dma.o
    0x08008662   0x00000018   Data   RO         4862    .constdata          stm32h7xx_hal_uart.o
    0x0800867a   0x00000010   Data   RO         5228    .constdata          stm32h7xx_hal_uart_ex.o
    0x0800868a   0x00000010   Data   RO         5333    .constdata          system_stm32h7xx.o
    0x0800869a   0x000011d0   Data   RO         5399    .constdata          lcd_fonts.o
    0x0800986a   0x00000002   PAD
    0x0800986c   0x00000040   Data   RO         6225    Region$$Table       anon$$obj.o


    Execution Region RW_IRAM1 (Base: 0x20000000, Size: 0x00000aec, Max: 0x00020000, ABSOLUTE)

    Base Addr    Size         Type   Attr      Idx    E Section Name        Object

    0x20000000   0x00000020   Data   RW          406    .data               spi.o
    0x20000020   0x0000000c   Data   RW         2553    .data               stm32h7xx_hal.o
    0x2000002c   0x00000008   Data   RW         5334    .data               system_stm32h7xx.o
    0x20000034   0x0000000c   Data   RW         5409    .data               lcd_fonts.o
    0x20000040   0x00000898   Zero   RW          405    .bss                spi.o
    0x200008d8   0x00000214   Zero   RW          709    .bss                tim.o


    Execution Region RW_IRAM2 (Base: 0x24000000, Size: 0x00000af0, Max: 0x00020000, ABSOLUTE)

    Base Addr    Size         Type   Attr      Idx    E Section Name        Object

    0x24000000   0x00000001   Data   RW           17    .data               main.o
    0x24000001   0x00000001   Data   RW           23    .data               main.o
    0x24000002   0x00000001   Data   RW           24    .data               main.o
    0x24000003   0x00000001   PAD
    0x24000004   0x00000004   Data   RW         6190    .data               mc_w.l(stdout.o)
    0x24000008   0x00000080   Zero   RW           16    .bss                main.o
    0x24000088   0x00000054   Zero   RW          291    .bss                i2c.o
    0x240000dc   0x00000610   Zero   RW          799    .bss                usart.o
    0x240006ec   0x00000004   PAD
    0x240006f0   0x00000400   Zero   RW            1    STACK               startup_stm32h723xx.o


==============================================================================

Image component sizes


      Code (inc. data)   RO Data    RW Data    ZI Data      Debug   Object Name

        40         12          0          0          0        499   control.o
       156          4          0          0          0        846   dma.o
       240         14          0          0          0       1087   gpio.o
       224         24          0          0         84       1773   i2c.o
         0          0       4560         12          0       1899   lcd_fonts.o
       314          6          0          3        128    1214354   main.o
      1826        100          0         32       2200      12567   spi.o
        36          8        716          0       1024        840   startup_stm32h723xx.o
       220         40          0         12          0      23565   stm32h7xx_hal.o
       354         28          0          0          0      41413   stm32h7xx_hal_cortex.o
      5984        242          8          0          0      11189   stm32h7xx_hal_dma.o
       550         44          0          0          0       2076   stm32h7xx_hal_gpio.o
       192          6          0          0          0       3207   stm32h7xx_hal_i2c.o
       172          0          0          0          0       1887   stm32h7xx_hal_i2c_ex.o
        28          6          0          0          0        830   stm32h7xx_hal_msp.o
        84          6          0          0          0        757   stm32h7xx_hal_pwr_ex.o
      2374        102          0          0          0       6632   stm32h7xx_hal_rcc.o
      3622        112          0          0          0       7189   stm32h7xx_hal_rcc_ex.o
      1206         14          0          0          0       4018   stm32h7xx_hal_spi.o
      2752        256          0          0          0      19321   stm32h7xx_hal_tim.o
       350         48          0          0          0       3952   stm32h7xx_hal_tim_ex.o
      5274        232         24          0          0      44379   stm32h7xx_hal_uart.o
       290          6         16          0          0       5230   stm32h7xx_hal_uart_ex.o
       368         96          0          0          0      10607   stm32h7xx_it.o
       192         34         16          8          0       1398   system_stm32h7xx.o
      1664        134          0          0        532       8090   tim.o
      1360         84          0          0       1552       4897   usart.o
       124         44          0          0          0       1065   usart_1.o

    ----------------------------------------------------------------------
     30022       1702       5406         68       5524    1435567   Object Totals
         0          0         64          0          0          0   (incl. Generated)
        26          0          2          1          4          0   (incl. Padding)

    ----------------------------------------------------------------------

      Code (inc. data)   RO Data    RW Data    ZI Data      Debug   Library Member Name

         0          0          0          0          0          0   entry.o
         0          0          0          0          0          0   entry10a.o
         0          0          0          0          0          0   entry11a.o
         8          4          0          0          0          0   entry2.o
         4          0          0          0          0          0   entry5.o
         0          0          0          0          0          0   entry7b.o
         0          0          0          0          0          0   entry8b.o
         8          4          0          0          0          0   entry9a.o
        30          0          0          0          0          0   handlers.o
        36          8          0          0          0         68   init.o
         0          0          0          0          0          0   iusefp.o
        30          0          0          0          0         68   llshl.o
        36          0          0          0          0         68   llsshr.o
        32          0          0          0          0         68   llushr.o
        36          0          0          0          0        108   memseta.o
      2226         90          0          0          0        444   printfa.o
         0          0          0          4          0          0   stdout.o
        44          0          0          0          0         80   uidiv.o
        98          0          0          0          0         92   uldiv.o
        48          0          0          0          0         68   cdrcmple.o
       334          0          0          0          0        148   dadd.o
       222          0          0          0          0        100   ddiv.o
       186          0          0          0          0        176   depilogue.o
        48          0          0          0          0         68   dfixul.o
       228          0          0          0          0         96   dmul.o

    ----------------------------------------------------------------------
      3656        106          0          4          0       1652   Library Totals
         2          0          0          0          0          0   (incl. Padding)

    ----------------------------------------------------------------------

      Code (inc. data)   RO Data    RW Data    ZI Data      Debug   Library Name

      2588        106          0          4          0        996   mc_w.l
      1066          0          0          0          0        656   mf_w.l

    ----------------------------------------------------------------------
      3656        106          0          4          0       1652   Library Totals

    ----------------------------------------------------------------------

==============================================================================


      Code (inc. data)   RO Data    RW Data    ZI Data      Debug   

     33678       1808       5406         72       5524    1419691   Grand Totals
     33678       1808       5406         72       5524    1419691   ELF Image Totals
     33678       1808       5406         72          0          0   ROM Totals

==============================================================================

    Total RO  Size (Code + RO Data)                39084 (  38.17kB)
    Total RW  Size (RW Data + ZI Data)              5596 (   5.46kB)
    Total ROM Size (Code + RO Data + RW Data)      39156 (  38.24kB)

==============================================================================

