<html>
<body>
<pre>
<h1>µVision Build Log</h1>
<h2>Tool Versions:</h2>
IDE-Version: ¦ÌVision V5.14.0.0
Copyright (C) 2015 ARM Ltd and ARM Germany GmbH. All rights reserved.
License Information: Tupls 67, HP Inc., LIC=21E4T-RZZYE-2ZUW4-F7X8R-80HQ1-S2NP4
 
Tool Versions:
Toolchain:       MDK-ARM Standard  Version: 5.14.0.0
Toolchain Path:  C:\Keil_v5\ARM\ARMCC\Bin
C Compiler:      Armcc.exe V5.05 update 1 (build 106)
Assembler:       Armasm.exe V5.05 update 1 (build 106)
Linker/Locator:  ArmLink.exe V5.05 update 1 (build 106)
Library Manager: ArmAr.exe V5.05 update 1 (build 106)
Hex Converter:   FromElf.exe V5.05 update 1 (build 106)
CPU DLL:         SARMCM3.DLL V5.14.0.0
Dialog DLL:      DCM.DLL V1.13.1.0
Target DLL:      CMSIS_AGDI.dll V1.21.0.0
Dialog DLL:      TCM.DLL V1.14.4.0
 
<h2>Project:</h2>
C:\Ñ¸À×ÏÂÔØ\5-17-master\5-17-master\5-17\MDK-ARM\5-17.uvprojx
Project File Date:  05/25/2025

<h2>Output:</h2>
Build target '5-17'
assembling startup_stm32h723xx.s...
compiling main.c...
../User/Inc/show.h(17): warning:  #1-D: last line of file ends without a newline
  #endif 
../User/Inc/control.h(6): warning:  #1295-D: Deprecated declaration TIM_Init - give arg types
  void TIM_Init();
../User/Inc/control.h(15): warning:  #1295-D: Deprecated declaration Stop - give arg types
  void Stop();
../User/Inc/control.h(18): warning:  #1295-D: Deprecated declaration example - give arg types
  void example();
../User/Inc/control.h(22): warning:  #1-D: last line of file ends without a newline
  #endif
../User/Inc/usart.h(14): warning:  #1-D: last line of file ends without a newline
  #endif
../User/Inc/usart.h(9): warning:  #1295-D: Deprecated declaration USART_Init - give arg types
  void USART_Init();
../User/Inc/usart.h(14): warning:  #1-D: last line of file ends without a newline
  #endif
../User/Inc/servo.h(12): warning:  #1-D: last line of file ends without a newline
  #endif
../User/Inc/hardware.h(9): warning:  #1295-D: Deprecated declaration LED_ON - give arg types
  void LED_ON();
../User/Inc/hardware.h(10): warning:  #1295-D: Deprecated declaration LED_OFF - give arg types
  void LED_OFF();
../User/Inc/hardware.h(11): warning:  #1295-D: Deprecated declaration LED_TOGGLE - give arg types
  void LED_TOGGLE();
../User/Inc/hardware.h(13): warning:  #1295-D: Deprecated declaration BUZZER_ON - give arg types
  void BUZZER_ON();
../User/Inc/hardware.h(14): warning:  #1295-D: Deprecated declaration BUZZER_OFF - give arg types
  void BUZZER_OFF();
../User/Inc/hardware.h(15): warning:  #1295-D: Deprecated declaration LASER_ON - give arg types
  void LASER_ON();
../User/Inc/hardware.h(16): warning:  #1295-D: Deprecated declaration LASER_OFF - give arg types
  void LASER_OFF();
../User/Inc/hardware.h(18): warning:  #1295-D: Deprecated declaration test - give arg types
  void test();
../User/Inc/hardware.h(19): warning:  #1-D: last line of file ends without a newline
  #endif
../Core/Src/main.c: 18 warnings, 0 errors
compiling gpio.c...
compiling dma.c...
compiling i2c.c...
compiling memorymap.c...
compiling spi.c...
../Core/Src/spi.c(1813): warning:  #1035-D: single-precision operand implicitly converted to double-precision
      _RoateValue.angle = RADIAN(angle);
../Core/Src/spi.c(1861): warning:  #1035-D: single-precision operand implicitly converted to double-precision
      x = (x + a / x) * 0.5;
../Core/Src/spi.c: 2 warnings, 0 errors
compiling tim.c...
compiling usart.c...
compiling stm32h7xx_it.c...
compiling stm32h7xx_hal_msp.c...
compiling stm32h7xx_hal_cortex.c...
compiling stm32h7xx_hal_rcc.c...
compiling stm32h7xx_hal_rcc_ex.c...
compiling stm32h7xx_hal_flash.c...
compiling stm32h7xx_hal_flash_ex.c...
compiling stm32h7xx_hal_gpio.c...
compiling stm32h7xx_hal_hsem.c...
compiling stm32h7xx_hal_dma.c...
compiling stm32h7xx_hal_dma_ex.c...
compiling stm32h7xx_hal_mdma.c...
compiling stm32h7xx_hal_pwr.c...
compiling stm32h7xx_hal_pwr_ex.c...
compiling stm32h7xx_hal.c...
compiling stm32h7xx_hal_i2c.c...
compiling stm32h7xx_hal_i2c_ex.c...
compiling stm32h7xx_hal_exti.c...
compiling stm32h7xx_hal_spi.c...
compiling stm32h7xx_hal_spi_ex.c...
compiling stm32h7xx_hal_tim.c...
compiling stm32h7xx_hal_tim_ex.c...
compiling stm32h7xx_hal_uart.c...
compiling stm32h7xx_hal_uart_ex.c...
compiling system_stm32h7xx.c...
compiling show.c...
../User/Inc/show.h(17): warning:  #1-D: last line of file ends without a newline
  #endif 
..\User\Src\show.c(36): warning:  #1-D: last line of file ends without a newline
  }
..\User\Src\show.c: 2 warnings, 0 errors
compiling lcd_fonts.c...
compiling lcd_image.c...
compiling lcd_model.c...
compiling hardware.c...
../User/Inc/hardware.h(9): warning:  #1295-D: Deprecated declaration LED_ON - give arg types
  void LED_ON();
../User/Inc/hardware.h(10): warning:  #1295-D: Deprecated declaration LED_OFF - give arg types
  void LED_OFF();
../User/Inc/hardware.h(11): warning:  #1295-D: Deprecated declaration LED_TOGGLE - give arg types
  void LED_TOGGLE();
../User/Inc/hardware.h(13): warning:  #1295-D: Deprecated declaration BUZZER_ON - give arg types
  void BUZZER_ON();
../User/Inc/hardware.h(14): warning:  #1295-D: Deprecated declaration BUZZER_OFF - give arg types
  void BUZZER_OFF();
../User/Inc/hardware.h(15): warning:  #1295-D: Deprecated declaration LASER_ON - give arg types
  void LASER_ON();
../User/Inc/hardware.h(16): warning:  #1295-D: Deprecated declaration LASER_OFF - give arg types
  void LASER_OFF();
../User/Inc/hardware.h(18): warning:  #1295-D: Deprecated declaration test - give arg types
  void test();
../User/Inc/hardware.h(19): warning:  #1-D: last line of file ends without a newline
  #endif
..\User\Src\hardware.c(100): warning:  #1-D: last line of file ends without a newline
  }
..\User\Src\hardware.c: 10 warnings, 0 errors
compiling PID.c...
..\User\Src\PID.c(37): warning:  #1035-D: single-precision operand implicitly converted to double-precision
    return (uint16_t)(500 + (angle / 180.0) * 2000); 
..\User\Src\PID.c: 1 warning, 0 errors
compiling servo.c...
../User/Inc/usart.h(14): warning:  #1-D: last line of file ends without a newline
  #endif
../User/Inc/usart.h(9): warning:  #1295-D: Deprecated declaration USART_Init - give arg types
  void USART_Init();
../User/Inc/usart.h(14): warning:  #1-D: last line of file ends without a newline
  #endif
../User/Inc/servo.h(12): warning:  #1-D: last line of file ends without a newline
  #endif
..\User\Src\servo.c: 4 warnings, 0 errors
compiling control.c...
../User/Inc/control.h(6): warning:  #1295-D: Deprecated declaration TIM_Init - give arg types
  void TIM_Init();
../User/Inc/control.h(15): warning:  #1295-D: Deprecated declaration Stop - give arg types
  void Stop();
../User/Inc/control.h(18): warning:  #1295-D: Deprecated declaration example - give arg types
  void example();
../User/Inc/control.h(22): warning:  #1-D: last line of file ends without a newline
  #endif
..\User\Src\control.c(151): warning:  #1-D: last line of file ends without a newline
  }
..\User\Src\control.c: 5 warnings, 0 errors
compiling Usart.c...
..\User\Src\Usart.c(23): warning:  #1-D: last line of file ends without a newline
  }
..\User\Src\Usart.c: 1 warning, 0 errors
linking...
Program Size: Code=33678 RO-data=5406 RW-data=72 ZI-data=5524  
FromELF: creating hex file...
"5-17\5-17.axf" - 0 Error(s), 43 Warning(s).

<h2>Software Packages used:</h2>

Package Vendor: ARM
                http://www.keil.com/pack/ARM.CMSIS.4.2.0.pack
                ARM::CMSIS:CORE:3.40.0
                CMSIS (Cortex Microcontroller Software Interface Standard)
   * Component: CORE Version: 3.40.0

<h2>Collection of Component include folders:</h2>
  C:\Ñ¸À×ÏÂÔØ\5-17-master\5-17-master\5-17\MDK-ARM\RTE
  C:\Keil_v5\ARM\PACK\ARM\CMSIS\4.2.0\CMSIS\Include
  C:\Keil_v5\ARM\PACK\Keil\STM32H7xx_DFP\2.7.0

<h2>Collection of Component Files used:</h2>

   * Component: ARM::CMSIS:CORE:3.40.0
      Source file:   CMSIS\UserCodeTemplates\ARM\ITM_Retarget.c
</pre>
</body>
</html>
